01:13:16 **** Build of project hello_bsp ****
make -k all 
"Running Make include in ps7_cortexa9_0/libsrc/coresightps_dcc_v1_4/src"
make -C ps7_cortexa9_0/libsrc/coresightps_dcc_v1_4/src -s include  "SHELL=CMD" "COMPILER=arm-none-eabi-gcc" "ARCHIVER=arm-none-eabi-ar" "COMPILER_FLAGS=  -O2 -c" "EXTRA_COMPILER_FLAGS=-mcpu=cortex-a9 -mfpu=vfpv3 -mfloat-abi=hard -nostartfiles -g -Wall -Wextra"
"Running Make include in ps7_cortexa9_0/libsrc/cpu_cortexa9_v2_6/src"
make -C ps7_cortexa9_0/libsrc/cpu_cortexa9_v2_6/src -s include  "SHELL=CMD" "COMPILER=arm-none-eabi-gcc" "ARCHIVER=arm-none-eabi-ar" "COMPILER_FLAGS=  -O2 -c" "EXTRA_COMPILER_FLAGS=-mcpu=cortex-a9 -mfpu=vfpv3 -mfloat-abi=hard -nostartfiles -g -Wall -Wextra"
"Running Make include in ps7_cortexa9_0/libsrc/ddrps_v1_0/src"
make -C ps7_cortexa9_0/libsrc/ddrps_v1_0/src -s include  "SHELL=CMD" "COMPILER=arm-none-eabi-gcc" "ARCHIVER=arm-none-eabi-ar" "COMPILER_FLAGS=  -O2 -c" "EXTRA_COMPILER_FLAGS=-mcpu=cortex-a9 -mfpu=vfpv3 -mfloat-abi=hard -nostartfiles -g -Wall -Wextra"
"Running Make include in ps7_cortexa9_0/libsrc/devcfg_v3_5/src"
make -C ps7_cortexa9_0/libsrc/devcfg_v3_5/src -s include  "SHELL=CMD" "COMPILER=arm-none-eabi-gcc" "ARCHIVER=arm-none-eabi-ar" "COMPILER_FLAGS=  -O2 -c" "EXTRA_COMPILER_FLAGS=-mcpu=cortex-a9 -mfpu=vfpv3 -mfloat-abi=hard -nostartfiles -g -Wall -Wextra"
"Running Make include in ps7_cortexa9_0/libsrc/dmaps_v2_3/src"
make -C ps7_cortexa9_0/libsrc/dmaps_v2_3/src -s include  "SHELL=CMD" "COMPILER=arm-none-eabi-gcc" "ARCHIVER=arm-none-eabi-ar" "COMPILER_FLAGS=  -O2 -c" "EXTRA_COMPILER_FLAGS=-mcpu=cortex-a9 -mfpu=vfpv3 -mfloat-abi=hard -nostartfiles -g -Wall -Wextra"
"Running Make include in ps7_cortexa9_0/libsrc/gpiops_v3_3/src"
make -C ps7_cortexa9_0/libsrc/gpiops_v3_3/src -s include  "SHELL=CMD" "COMPILER=arm-none-eabi-gcc" "ARCHIVER=arm-none-eabi-ar" "COMPILER_FLAGS=  -O2 -c" "EXTRA_COMPILER_FLAGS=-mcpu=cortex-a9 -mfpu=vfpv3 -mfloat-abi=hard -nostartfiles -g -Wall -Wextra"
"Running Make include in ps7_cortexa9_0/libsrc/scugic_v3_9/src"
make -C ps7_cortexa9_0/libsrc/scugic_v3_9/src -s include  "SHELL=CMD" "COMPILER=arm-none-eabi-gcc" "ARCHIVER=arm-none-eabi-ar" "COMPILER_FLAGS=  -O2 -c" "EXTRA_COMPILER_FLAGS=-mcpu=cortex-a9 -mfpu=vfpv3 -mfloat-abi=hard -nostartfiles -g -Wall -Wextra"
"Running Make include in ps7_cortexa9_0/libsrc/scutimer_v2_1/src"
make -C ps7_cortexa9_0/libsrc/scutimer_v2_1/src -s include  "SHELL=CMD" "COMPILER=arm-none-eabi-gcc" "ARCHIVER=arm-none-eabi-ar" "COMPILER_FLAGS=  -O2 -c" "EXTRA_COMPILER_FLAGS=-mcpu=cortex-a9 -mfpu=vfpv3 -mfloat-abi=hard -nostartfiles -g -Wall -Wextra"
"Running Make include in ps7_cortexa9_0/libsrc/scuwdt_v2_1/src"
make -C ps7_cortexa9_0/libsrc/scuwdt_v2_1/src -s include  "SHELL=CMD" "COMPILER=arm-none-eabi-gcc" "ARCHIVER=arm-none-eabi-ar" "COMPILER_FLAGS=  -O2 -c" "EXTRA_COMPILER_FLAGS=-mcpu=cortex-a9 -mfpu=vfpv3 -mfloat-abi=hard -nostartfiles -g -Wall -Wextra"
"Running Make include in ps7_cortexa9_0/libsrc/sdps_v3_5/src"
make -C ps7_cortexa9_0/libsrc/sdps_v3_5/src -s include  "SHELL=CMD" "COMPILER=arm-none-eabi-gcc" "ARCHIVER=arm-none-eabi-ar" "COMPILER_FLAGS=  -O2 -c" "EXTRA_COMPILER_FLAGS=-mcpu=cortex-a9 -mfpu=vfpv3 -mfloat-abi=hard -nostartfiles -g -Wall -Wextra"
"Running Make include in ps7_cortexa9_0/libsrc/uartps_v3_6/src"
make -C ps7_cortexa9_0/libsrc/uartps_v3_6/src -s include  "SHELL=CMD" "COMPILER=arm-none-eabi-gcc" "ARCHIVER=arm-none-eabi-ar" "COMPILER_FLAGS=  -O2 -c" "EXTRA_COMPILER_FLAGS=-mcpu=cortex-a9 -mfpu=vfpv3 -mfloat-abi=hard -nostartfiles -g -Wall -Wextra"
"Running Make include in ps7_cortexa9_0/libsrc/User_DMA_v1_0/src"
make -C ps7_cortexa9_0/libsrc/User_DMA_v1_0/src -s include  "SHELL=CMD" "COMPILER=arm-none-eabi-gcc" "ARCHIVER=arm-none-eabi-ar" "COMPILER_FLAGS=  -O2 -c" "EXTRA_COMPILER_FLAGS=-mcpu=cortex-a9 -mfpu=vfpv3 -mfloat-abi=hard -nostartfiles -g -Wall -Wextra"
"Running Make include in ps7_cortexa9_0/libsrc/xadcps_v2_2/src"
make -C ps7_cortexa9_0/libsrc/xadcps_v2_2/src -s include  "SHELL=CMD" "COMPILER=arm-none-eabi-gcc" "ARCHIVER=arm-none-eabi-ar" "COMPILER_FLAGS=  -O2 -c" "EXTRA_COMPILER_FLAGS=-mcpu=cortex-a9 -mfpu=vfpv3 -mfloat-abi=hard -nostartfiles -g -Wall -Wextra"
"Running Make libs in ps7_cortexa9_0/libsrc/coresightps_dcc_v1_4/src"
make -C ps7_cortexa9_0/libsrc/coresightps_dcc_v1_4/src -s libs  "SHELL=CMD" "COMPILER=arm-none-eabi-gcc" "ARCHIVER=arm-none-eabi-ar" "COMPILER_FLAGS=  -O2 -c" "EXTRA_COMPILER_FLAGS=-mcpu=cortex-a9 -mfpu=vfpv3 -mfloat-abi=hard -nostartfiles -g -Wall -Wextra"
"Compiling coresightps_dcc"
xcoresightpsdcc.c:67:10: fatal error: xil_types.h: No such file or directory
 #include <xil_types.h>
          ^~~~~~~~~~~~~
compilation terminated.
make[1]: *** [xcoresightpsdcc.o] ´íÎó 1
make[1]: ÓÉÓÚ´íÎóÄ¿±ê¡°libs¡±²¢Î´ÖØÐÂ´´½¨¡£
make: *** [ps7_cortexa9_0/libsrc/coresightps_dcc_v1_4/src/make.libs] ´íÎó 2
"Running Make libs in ps7_cortexa9_0/libsrc/cpu_cortexa9_v2_6/src"
make -C ps7_cortexa9_0/libsrc/cpu_cortexa9_v2_6/src -s libs  "SHELL=CMD" "COMPILER=arm-none-eabi-gcc" "ARCHIVER=arm-none-eabi-ar" "COMPILER_FLAGS=  -O2 -c" "EXTRA_COMPILER_FLAGS=-mcpu=cortex-a9 -mfpu=vfpv3 -mfloat-abi=hard -nostartfiles -g -Wall -Wextra"
"Compiling cpu_cortexa9"
"Running Make libs in ps7_cortexa9_0/libsrc/ddrps_v1_0/src"
make -C ps7_cortexa9_0/libsrc/ddrps_v1_0/src -s libs  "SHELL=CMD" "COMPILER=arm-none-eabi-gcc" "ARCHIVER=arm-none-eabi-ar" "COMPILER_FLAGS=  -O2 -c" "EXTRA_COMPILER_FLAGS=-mcpu=cortex-a9 -mfpu=vfpv3 -mfloat-abi=hard -nostartfiles -g -Wall -Wextra"
"Compiling ddrps"
arm-none-eabi-ar: creating ../../../lib/libxil.a
"Running Make libs in ps7_cortexa9_0/libsrc/devcfg_v3_5/src"
make -C ps7_cortexa9_0/libsrc/devcfg_v3_5/src -s libs  "SHELL=CMD" "COMPILER=arm-none-eabi-gcc" "ARCHIVER=arm-none-eabi-ar" "COMPILER_FLAGS=  -O2 -c" "EXTRA_COMPILER_FLAGS=-mcpu=cortex-a9 -mfpu=vfpv3 -mfloat-abi=hard -nostartfiles -g -Wall -Wextra"
"Compiling devcfg"
In file included from xdevcfg.h:170:0,
                 from xdevcfg.c:92:
xdevcfg_hw.h:67:10: fatal error: xil_types.h: No such file or directory
 #include "xil_types.h"
          ^~~~~~~~~~~~~
compilation terminated.
make[1]: *** [xdevcfg.o] ´íÎó 1
In file included from xdevcfg_g.c:40:0:
../../../include/xparameters.h:19:10: fatal error: xparameters_ps.h: No such file or directory
 #include "xparameters_ps.h"
          ^~~~~~~~~~~~~~~~~~
compilation terminated.
make[1]: *** [xdevcfg_g.o] ´íÎó 1
In file included from xdevcfg_hw.c:52:0:
xdevcfg_hw.h:67:10: fatal error: xil_types.h: No such file or directory
 #include "xil_types.h"
          ^~~~~~~~~~~~~
compilation terminated.
make[1]: *** [xdevcfg_hw.o] ´íÎó 1
In file included from xdevcfg.h:170:0,
                 from xdevcfg_intr.c:57:
xdevcfg_hw.h:67:10: fatal error: xil_types.h: No such file or directory
 #include "xil_types.h"
          ^~~~~~~~~~~~~
compilation terminated.
make[1]: *** [xdevcfg_intr.o] ´íÎó 1
In file included from xdevcfg.h:170:0,
                 from xdevcfg_selftest.c:56:
xdevcfg_hw.h:67:10: fatal error: xil_types.h: No such file or directory
 #include "xil_types.h"
          ^~~~~~~~~~~~~
compilation terminated.
make[1]: *** [xdevcfg_selftest.o] ´íÎó 1
In file included from xdevcfg.h:170:0,
                 from xdevcfg_sinit.c:55:
xdevcfg_hw.h:67:10: fatal error: xil_types.h: No such file or directory
 #include "xil_types.h"
          ^~~~~~~~~~~~~
compilation terminated.
make[1]: *** [xdevcfg_sinit.o] ´íÎó 1
make[1]: ÓÉÓÚ´íÎóÄ¿±ê¡°libs¡±²¢Î´ÖØÐÂ´´½¨¡£
make: *** [ps7_cortexa9_0/libsrc/devcfg_v3_5/src/make.libs] ´íÎó 2
"Running Make libs in ps7_cortexa9_0/libsrc/dmaps_v2_3/src"
make -C ps7_cortexa9_0/libsrc/dmaps_v2_3/src -s libs  "SHELL=CMD" "COMPILER=arm-none-eabi-gcc" "ARCHIVER=arm-none-eabi-ar" "COMPILER_FLAGS=  -O2 -c" "EXTRA_COMPILER_FLAGS=-mcpu=cortex-a9 -mfpu=vfpv3 -mfloat-abi=hard -nostartfiles -g -Wall -Wextra"
"Compiling dmaps"
xdmaps.c:81:10: fatal error: xstatus.h: No such file or directory
 #include "xstatus.h"
          ^~~~~~~~~~~
compilation terminated.
make[1]: *** [xdmaps.o] ´íÎó 1
In file included from xdmaps_g.c:40:0:
../../../include/xparameters.h:19:10: fatal error: xparameters_ps.h: No such file or directory
 #include "xparameters_ps.h"
          ^~~~~~~~~~~~~~~~~~
compilation terminated.
make[1]: *** [xdmaps_g.o] ´íÎó 1
In file included from xdmaps_hw.c:53:0:
xdmaps_hw.h:66:10: fatal error: xil_types.h: No such file or directory
 #include "xil_types.h"
          ^~~~~~~~~~~~~
compilation terminated.
make[1]: *** [xdmaps_hw.o] ´íÎó 1
xdmaps_selftest.c:53:10: fatal error: xstatus.h: No such file or directory
 #include "xstatus.h"
          ^~~~~~~~~~~
compilation terminated.
make[1]: *** [xdmaps_selftest.o] ´íÎó 1
xdmaps_sinit.c:54:10: fatal error: xstatus.h: No such file or directory
 #include "xstatus.h"
          ^~~~~~~~~~~
compilation terminated.
make[1]: *** [xdmaps_sinit.o] ´íÎó 1
make[1]: ÓÉÓÚ´íÎóÄ¿±ê¡°libs¡±²¢Î´ÖØÐÂ´´½¨¡£
make: *** [ps7_cortexa9_0/libsrc/dmaps_v2_3/src/make.libs] ´íÎó 2
"Running Make libs in ps7_cortexa9_0/libsrc/gpiops_v3_3/src"
make -C ps7_cortexa9_0/libsrc/gpiops_v3_3/src -s libs  "SHELL=CMD" "COMPILER=arm-none-eabi-gcc" "ARCHIVER=arm-none-eabi-ar" "COMPILER_FLAGS=  -O2 -c" "EXTRA_COMPILER_FLAGS=-mcpu=cortex-a9 -mfpu=vfpv3 -mfloat-abi=hard -nostartfiles -g -Wall -Wextra"
"Compiling gpiops"
In file included from xgpiops.c:62:0:
xgpiops.h:122:10: fatal error: xstatus.h: No such file or directory
 #include "xstatus.h"
          ^~~~~~~~~~~
compilation terminated.
make[1]: *** [xgpiops.o] ´íÎó 1
In file included from xgpiops_g.c:40:0:
../../../include/xparameters.h:19:10: fatal error: xparameters_ps.h: No such file or directory
 #include "xparameters_ps.h"
          ^~~~~~~~~~~~~~~~~~
compilation terminated.
make[1]: *** [xgpiops_g.o] ´íÎó 1
In file included from xgpiops_hw.c:56:0:
xgpiops_hw.h:65:10: fatal error: xil_types.h: No such file or directory
 #include "xil_types.h"
          ^~~~~~~~~~~~~
compilation terminated.
make[1]: *** [xgpiops_hw.o] ´íÎó 1
In file included from xgpiops_intr.c:57:0:
xgpiops.h:122:10: fatal error: xstatus.h: No such file or directory
 #include "xstatus.h"
          ^~~~~~~~~~~
compilation terminated.
make[1]: *** [xgpiops_intr.o] ´íÎó 1
xgpiops_selftest.c:56:10: fatal error: xstatus.h: No such file or directory
 #include "xstatus.h"
          ^~~~~~~~~~~
compilation terminated.
make[1]: *** [xgpiops_selftest.o] ´íÎó 1
In file included from xgpiops_sinit.c:58:0:
xgpiops.h:122:10: fatal error: xstatus.h: No such file or directory
 #include "xstatus.h"
          ^~~~~~~~~~~
compilation terminated.
make[1]: *** [xgpiops_sinit.o] ´íÎó 1
make[1]: ÓÉÓÚ´íÎóÄ¿±ê¡°libs¡±²¢Î´ÖØÐÂ´´½¨¡£
make: *** [ps7_cortexa9_0/libsrc/gpiops_v3_3/src/make.libs] ´íÎó 2
"Running Make libs in ps7_cortexa9_0/libsrc/scugic_v3_9/src"
make -C ps7_cortexa9_0/libsrc/scugic_v3_9/src -s libs  "SHELL=CMD" "COMPILER=arm-none-eabi-gcc" "ARCHIVER=arm-none-eabi-ar" "COMPILER_FLAGS=  -O2 -c" "EXTRA_COMPILER_FLAGS=-mcpu=cortex-a9 -mfpu=vfpv3 -mfloat-abi=hard -nostartfiles -g -Wall -Wextra"
"Compiling scugic"
xscugic.c:127:10: fatal error: xil_types.h: No such file or directory
 #include "xil_types.h"
          ^~~~~~~~~~~~~
compilation terminated.
make[1]: *** [xscugic.o] ´íÎó 1
In file included from xscugic_g.c:40:0:
../../../include/xparameters.h:19:10: fatal error: xparameters_ps.h: No such file or directory
 #include "xparameters_ps.h"
          ^~~~~~~~~~~~~~~~~~
compilation terminated.
make[1]: *** [xscugic_g.o] ´íÎó 1
xscugic_hw.c:80:10: fatal error: xil_types.h: No such file or directory
 #include "xil_types.h"
          ^~~~~~~~~~~~~
compilation terminated.
make[1]: *** [xscugic_hw.o] ´íÎó 1
xscugic_intr.c:81:10: fatal error: xil_types.h: No such file or directory
 #include "xil_types.h"
          ^~~~~~~~~~~~~
compilation terminated.
make[1]: *** [xscugic_intr.o] ´íÎó 1
xscugic_selftest.c:54:10: fatal error: xil_types.h: No such file or directory
 #include "xil_types.h"
          ^~~~~~~~~~~~~
compilation terminated.
make[1]: *** [xscugic_selftest.o] ´íÎó 1
xscugic_sinit.c:56:10: fatal error: xil_types.h: No such file or directory
 #include "xil_types.h"
          ^~~~~~~~~~~~~
compilation terminated.
make[1]: *** [xscugic_sinit.o] ´íÎó 1
make[1]: ÓÉÓÚ´íÎóÄ¿±ê¡°libs¡±²¢Î´ÖØÐÂ´´½¨¡£
make: *** [ps7_cortexa9_0/libsrc/scugic_v3_9/src/make.libs] ´íÎó 2
"Running Make libs in ps7_cortexa9_0/libsrc/scutimer_v2_1/src"
make -C ps7_cortexa9_0/libsrc/scutimer_v2_1/src -s libs  "SHELL=CMD" "COMPILER=arm-none-eabi-gcc" "ARCHIVER=arm-none-eabi-ar" "COMPILER_FLAGS=  -O2 -c" "EXTRA_COMPILER_FLAGS=-mcpu=cortex-a9 -mfpu=vfpv3 -mfloat-abi=hard -nostartfiles -g -Wall -Wextra"
"Compiling scutimer"
In file included from xscutimer.c:55:0:
xscutimer.h:116:10: fatal error: xstatus.h: No such file or directory
 #include "xstatus.h"
          ^~~~~~~~~~~
compilation terminated.
make[1]: *** [xscutimer.o] ´íÎó 1
In file included from xscutimer_g.c:40:0:
../../../include/xparameters.h:19:10: fatal error: xparameters_ps.h: No such file or directory
 #include "xparameters_ps.h"
          ^~~~~~~~~~~~~~~~~~
compilation terminated.
make[1]: *** [xscutimer_g.o] ´íÎó 1
In file included from xscutimer_selftest.c:54:0:
xscutimer.h:116:10: fatal error: xstatus.h: No such file or directory
 #include "xstatus.h"
          ^~~~~~~~~~~
compilation terminated.
make[1]: *** [xscutimer_selftest.o] ´íÎó 1
In file included from xscutimer_sinit.c:55:0:
xscutimer.h:116:10: fatal error: xstatus.h: No such file or directory
 #include "xstatus.h"
          ^~~~~~~~~~~
compilation terminated.
make[1]: *** [xscutimer_sinit.o] ´íÎó 1
make[1]: ÓÉÓÚ´íÎóÄ¿±ê¡°libs¡±²¢Î´ÖØÐÂ´´½¨¡£
make: *** [ps7_cortexa9_0/libsrc/scutimer_v2_1/src/make.libs] ´íÎó 2
"Running Make libs in ps7_cortexa9_0/libsrc/scuwdt_v2_1/src"
make -C ps7_cortexa9_0/libsrc/scuwdt_v2_1/src -s libs  "SHELL=CMD" "COMPILER=arm-none-eabi-gcc" "ARCHIVER=arm-none-eabi-ar" "COMPILER_FLAGS=  -O2 -c" "EXTRA_COMPILER_FLAGS=-mcpu=cortex-a9 -mfpu=vfpv3 -mfloat-abi=hard -nostartfiles -g -Wall -Wextra"
"Compiling scuwdt"
In file included from xscuwdt.c:55:0:
xscuwdt.h:138:10: fatal error: xstatus.h: No such file or directory
 #include "xstatus.h"
          ^~~~~~~~~~~
compilation terminated.
make[1]: *** [xscuwdt.o] ´íÎó 1
In file included from xscuwdt_g.c:40:0:
../../../include/xparameters.h:19:10: fatal error: xparameters_ps.h: No such file or directory
 #include "xparameters_ps.h"
          ^~~~~~~~~~~~~~~~~~
compilation terminated.
make[1]: *** [xscuwdt_g.o] ´íÎó 1
In file included from xscuwdt_selftest.c:54:0:
xscuwdt.h:138:10: fatal error: xstatus.h: No such file or directory
 #include "xstatus.h"
          ^~~~~~~~~~~
compilation terminated.
make[1]: *** [xscuwdt_selftest.o] ´íÎó 1
In file included from xscuwdt_sinit.c:55:0:
xscuwdt.h:138:10: fatal error: xstatus.h: No such file or directory
 #include "xstatus.h"
          ^~~~~~~~~~~
compilation terminated.
make[1]: *** [xscuwdt_sinit.o] ´íÎó 1
make[1]: ÓÉÓÚ´íÎóÄ¿±ê¡°libs¡±²¢Î´ÖØÐÂ´´½¨¡£
make: *** [ps7_cortexa9_0/libsrc/scuwdt_v2_1/src/make.libs] ´íÎó 2
"Running Make libs in ps7_cortexa9_0/libsrc/sdps_v3_5/src"
make -C ps7_cortexa9_0/libsrc/sdps_v3_5/src -s libs  "SHELL=CMD" "COMPILER=arm-none-eabi-gcc" "ARCHIVER=arm-none-eabi-ar" "COMPILER_FLAGS=  -O2 -c" "EXTRA_COMPILER_FLAGS=-mcpu=cortex-a9 -mfpu=vfpv3 -mfloat-abi=hard -nostartfiles -g -Wall -Wextra"
"Compiling sdps"
In file included from xsdps.c:99:0:
xsdps.h:165:10: fatal error: xil_printf.h: No such file or directory
 #include "xil_printf.h"
          ^~~~~~~~~~~~~~
compilation terminated.
make[1]: *** [xsdps.o] ´íÎó 1
In file included from xsdps_g.c:40:0:
../../../include/xparameters.h:19:10: fatal error: xparameters_ps.h: No such file or directory
 #include "xparameters_ps.h"
          ^~~~~~~~~~~~~~~~~~
compilation terminated.
make[1]: *** [xsdps_g.o] ´íÎó 1
In file included from xsdps_options.c:84:0:
xsdps.h:165:10: fatal error: xil_printf.h: No such file or directory
 #include "xil_printf.h"
          ^~~~~~~~~~~~~~
compilation terminated.
make[1]: *** [xsdps_options.o] ´íÎó 1
xsdps_sinit.c:55:10: fatal error: xstatus.h: No such file or directory
 #include "xstatus.h"
          ^~~~~~~~~~~
compilation terminated.
make[1]: *** [xsdps_sinit.o] ´íÎó 1
make[1]: ÓÉÓÚ´íÎóÄ¿±ê¡°libs¡±²¢Î´ÖØÐÂ´´½¨¡£
make: *** [ps7_cortexa9_0/libsrc/sdps_v3_5/src/make.libs] ´íÎó 2
"Running Make libs in ps7_cortexa9_0/libsrc/uartps_v3_6/src"
make -C ps7_cortexa9_0/libsrc/uartps_v3_6/src -s libs  "SHELL=CMD" "COMPILER=arm-none-eabi-gcc" "ARCHIVER=arm-none-eabi-ar" "COMPILER_FLAGS=  -O2 -c" "EXTRA_COMPILER_FLAGS=-mcpu=cortex-a9 -mfpu=vfpv3 -mfloat-abi=hard -nostartfiles -g -Wall -Wextra"
"Compiling uartps"
xuartps.c:59:10: fatal error: xstatus.h: No such file or directory
 #include "xstatus.h"
          ^~~~~~~~~~~
compilation terminated.
make[1]: *** [xuartps.o] ´íÎó 1
In file included from xuartps_g.c:40:0:
../../../include/xparameters.h:19:10: fatal error: xparameters_ps.h: No such file or directory
 #include "xparameters_ps.h"
          ^~~~~~~~~~~~~~~~~~
compilation terminated.
make[1]: *** [xuartps_g.o] ´íÎó 1
In file included from xuartps_hw.c:53:0:
xuartps_hw.h:73:10: fatal error: xil_types.h: No such file or directory
 #include "xil_types.h"
          ^~~~~~~~~~~~~
compilation terminated.
make[1]: *** [xuartps_hw.o] ´íÎó 1
In file included from xuartps_intr.c:55:0:
xuartps.h:187:10: fatal error: xil_types.h: No such file or directory
 #include "xil_types.h"
          ^~~~~~~~~~~~~
compilation terminated.
make[1]: *** [xuartps_intr.o] ´íÎó 1
In file included from xuartps_options.c:58:0:
xuartps.h:187:10: fatal error: xil_types.h: No such file or directory
 #include "xil_types.h"
          ^~~~~~~~~~~~~
compilation terminated.
make[1]: *** [xuartps_options.o] ´íÎó 1
xuartps_selftest.c:54:10: fatal error: xstatus.h: No such file or directory
 #include "xstatus.h"
          ^~~~~~~~~~~
compilation terminated.
make[1]: *** [xuartps_selftest.o] ´íÎó 1
xuartps_sinit.c:55:10: fatal error: xstatus.h: No such file or directory
 #include "xstatus.h"
          ^~~~~~~~~~~
compilation terminated.
make[1]: *** [xuartps_sinit.o] ´íÎó 1
make[1]: ÓÉÓÚ´íÎóÄ¿±ê¡°libs¡±²¢Î´ÖØÐÂ´´½¨¡£
make: *** [ps7_cortexa9_0/libsrc/uartps_v3_6/src/make.libs] ´íÎó 2
"Running Make libs in ps7_cortexa9_0/libsrc/User_DMA_v1_0/src"
make -C ps7_cortexa9_0/libsrc/User_DMA_v1_0/src -s libs  "SHELL=CMD" "COMPILER=arm-none-eabi-gcc" "ARCHIVER=arm-none-eabi-ar" "COMPILER_FLAGS=  -O2 -c" "EXTRA_COMPILER_FLAGS=-mcpu=cortex-a9 -mfpu=vfpv3 -mfloat-abi=hard -nostartfiles -g -Wall -Wextra"
"Compiling User_DMA..."
In file included from User_DMA.c:4:0:
User_DMA.h:7:10: fatal error: xil_types.h: No such file or directory
 #include "xil_types.h"
          ^~~~~~~~~~~~~
compilation terminated.
In file included from User_DMA_selftest.c:3:0:
User_DMA.h:7:10: fatal error: xil_types.h: No such file or directory
 #include "xil_types.h"
          ^~~~~~~~~~~~~
compilation terminated.
make[1]: *** [libs] ´íÎó 1
make: *** [ps7_cortexa9_0/libsrc/User_DMA_v1_0/src/make.libs] ´íÎó 2
"Running Make libs in ps7_cortexa9_0/libsrc/xadcps_v2_2/src"
make -C ps7_cortexa9_0/libsrc/xadcps_v2_2/src -s libs  "SHELL=CMD" "COMPILER=arm-none-eabi-gcc" "ARCHIVER=arm-none-eabi-ar" "COMPILER_FLAGS=  -O2 -c" "EXTRA_COMPILER_FLAGS=-mcpu=cortex-a9 -mfpu=vfpv3 -mfloat-abi=hard -nostartfiles -g -Wall -Wextra"
"Compiling xadcps"
In file included from xadcps.c:66:0:
xadcps.h:195:10: fatal error: xil_types.h: No such file or directory
 #include "xil_types.h"
          ^~~~~~~~~~~~~
compilation terminated.
make[1]: *** [xadcps.o] ´íÎó 1
In file included from xadcps_g.c:40:0:
../../../include/xparameters.h:19:10: fatal error: xparameters_ps.h: No such file or directory
 #include "xparameters_ps.h"
          ^~~~~~~~~~~~~~~~~~
compilation terminated.
make[1]: *** [xadcps_g.o] ´íÎó 1
In file included from xadcps_intr.c:67:0:
xadcps.h:195:10: fatal error: xil_types.h: No such file or directory
 #include "xil_types.h"
          ^~~~~~~~~~~~~
compilation terminated.
make[1]: *** [xadcps_intr.o] ´íÎó 1
In file included from xadcps_selftest.c:61:0:
xadcps.h:195:10: fatal error: xil_types.h: No such file or directory
 #include "xil_types.h"
          ^~~~~~~~~~~~~
compilation terminated.
make[1]: *** [xadcps_selftest.o] ´íÎó 1
In file included from xadcps_sinit.c:58:0:
../../../include/xparameters.h:19:10: fatal error: xparameters_ps.h: No such file or directory
 #include "xparameters_ps.h"
          ^~~~~~~~~~~~~~~~~~
compilation terminated.
make[1]: *** [xadcps_sinit.o] ´íÎó 1
make[1]: ÓÉÓÚ´íÎóÄ¿±ê¡°libs¡±²¢Î´ÖØÐÂ´´½¨¡£
make: *** [ps7_cortexa9_0/libsrc/xadcps_v2_2/src/make.libs] ´íÎó 2
make: ÓÉÓÚ´íÎóÄ¿±ê¡°all¡±²¢Î´ÖØÐÂ´´½¨¡£
01:13:41 **** Auto Build of project hello_bsp ****
make -k all 
"Running Make include in ps7_cortexa9_0/libsrc/coresightps_dcc_v1_4/src"
make -C ps7_cortexa9_0/libsrc/coresightps_dcc_v1_4/src -s include  "SHELL=CMD" "COMPILER=arm-none-eabi-gcc" "ARCHIVER=arm-none-eabi-ar" "COMPILER_FLAGS=  -O2 -c" "EXTRA_COMPILER_FLAGS=-mcpu=cortex-a9 -mfpu=vfpv3 -mfloat-abi=hard -nostartfiles -g -Wall -Wextra"
"Running Make include in ps7_cortexa9_0/libsrc/cpu_cortexa9_v2_6/src"
make -C ps7_cortexa9_0/libsrc/cpu_cortexa9_v2_6/src -s include  "SHELL=CMD" "COMPILER=arm-none-eabi-gcc" "ARCHIVER=arm-none-eabi-ar" "COMPILER_FLAGS=  -O2 -c" "EXTRA_COMPILER_FLAGS=-mcpu=cortex-a9 -mfpu=vfpv3 -mfloat-abi=hard -nostartfiles -g -Wall -Wextra"
"Running Make include in ps7_cortexa9_0/libsrc/ddrps_v1_0/src"
make -C ps7_cortexa9_0/libsrc/ddrps_v1_0/src -s include  "SHELL=CMD" "COMPILER=arm-none-eabi-gcc" "ARCHIVER=arm-none-eabi-ar" "COMPILER_FLAGS=  -O2 -c" "EXTRA_COMPILER_FLAGS=-mcpu=cortex-a9 -mfpu=vfpv3 -mfloat-abi=hard -nostartfiles -g -Wall -Wextra"
"Running Make include in ps7_cortexa9_0/libsrc/devcfg_v3_5/src"
make -C ps7_cortexa9_0/libsrc/devcfg_v3_5/src -s include  "SHELL=CMD" "COMPILER=arm-none-eabi-gcc" "ARCHIVER=arm-none-eabi-ar" "COMPILER_FLAGS=  -O2 -c" "EXTRA_COMPILER_FLAGS=-mcpu=cortex-a9 -mfpu=vfpv3 -mfloat-abi=hard -nostartfiles -g -Wall -Wextra"
"Running Make include in ps7_cortexa9_0/libsrc/dmaps_v2_3/src"
make -C ps7_cortexa9_0/libsrc/dmaps_v2_3/src -s include  "SHELL=CMD" "COMPILER=arm-none-eabi-gcc" "ARCHIVER=arm-none-eabi-ar" "COMPILER_FLAGS=  -O2 -c" "EXTRA_COMPILER_FLAGS=-mcpu=cortex-a9 -mfpu=vfpv3 -mfloat-abi=hard -nostartfiles -g -Wall -Wextra"
"Running Make include in ps7_cortexa9_0/libsrc/gpiops_v3_3/src"
make -C ps7_cortexa9_0/libsrc/gpiops_v3_3/src -s include  "SHELL=CMD" "COMPILER=arm-none-eabi-gcc" "ARCHIVER=arm-none-eabi-ar" "COMPILER_FLAGS=  -O2 -c" "EXTRA_COMPILER_FLAGS=-mcpu=cortex-a9 -mfpu=vfpv3 -mfloat-abi=hard -nostartfiles -g -Wall -Wextra"
"Running Make include in ps7_cortexa9_0/libsrc/scugic_v3_9/src"
make -C ps7_cortexa9_0/libsrc/scugic_v3_9/src -s include  "SHELL=CMD" "COMPILER=arm-none-eabi-gcc" "ARCHIVER=arm-none-eabi-ar" "COMPILER_FLAGS=  -O2 -c" "EXTRA_COMPILER_FLAGS=-mcpu=cortex-a9 -mfpu=vfpv3 -mfloat-abi=hard -nostartfiles -g -Wall -Wextra"
"Running Make include in ps7_cortexa9_0/libsrc/scutimer_v2_1/src"
make -C ps7_cortexa9_0/libsrc/scutimer_v2_1/src -s include  "SHELL=CMD" "COMPILER=arm-none-eabi-gcc" "ARCHIVER=arm-none-eabi-ar" "COMPILER_FLAGS=  -O2 -c" "EXTRA_COMPILER_FLAGS=-mcpu=cortex-a9 -mfpu=vfpv3 -mfloat-abi=hard -nostartfiles -g -Wall -Wextra"
"Running Make include in ps7_cortexa9_0/libsrc/scuwdt_v2_1/src"
make -C ps7_cortexa9_0/libsrc/scuwdt_v2_1/src -s include  "SHELL=CMD" "COMPILER=arm-none-eabi-gcc" "ARCHIVER=arm-none-eabi-ar" "COMPILER_FLAGS=  -O2 -c" "EXTRA_COMPILER_FLAGS=-mcpu=cortex-a9 -mfpu=vfpv3 -mfloat-abi=hard -nostartfiles -g -Wall -Wextra"
"Running Make include in ps7_cortexa9_0/libsrc/sdps_v3_5/src"
make -C ps7_cortexa9_0/libsrc/sdps_v3_5/src -s include  "SHELL=CMD" "COMPILER=arm-none-eabi-gcc" "ARCHIVER=arm-none-eabi-ar" "COMPILER_FLAGS=  -O2 -c" "EXTRA_COMPILER_FLAGS=-mcpu=cortex-a9 -mfpu=vfpv3 -mfloat-abi=hard -nostartfiles -g -Wall -Wextra"
"Running Make include in ps7_cortexa9_0/libsrc/uartps_v3_6/src"
make -C ps7_cortexa9_0/libsrc/uartps_v3_6/src -s include  "SHELL=CMD" "COMPILER=arm-none-eabi-gcc" "ARCHIVER=arm-none-eabi-ar" "COMPILER_FLAGS=  -O2 -c" "EXTRA_COMPILER_FLAGS=-mcpu=cortex-a9 -mfpu=vfpv3 -mfloat-abi=hard -nostartfiles -g -Wall -Wextra"
"Running Make include in ps7_cortexa9_0/libsrc/User_DMA_v1_0/src"
make -C ps7_cortexa9_0/libsrc/User_DMA_v1_0/src -s include  "SHELL=CMD" "COMPILER=arm-none-eabi-gcc" "ARCHIVER=arm-none-eabi-ar" "COMPILER_FLAGS=  -O2 -c" "EXTRA_COMPILER_FLAGS=-mcpu=cortex-a9 -mfpu=vfpv3 -mfloat-abi=hard -nostartfiles -g -Wall -Wextra"
"Running Make include in ps7_cortexa9_0/libsrc/xadcps_v2_2/src"
make -C ps7_cortexa9_0/libsrc/xadcps_v2_2/src -s include  "SHELL=CMD" "COMPILER=arm-none-eabi-gcc" "ARCHIVER=arm-none-eabi-ar" "COMPILER_FLAGS=  -O2 -c" "EXTRA_COMPILER_FLAGS=-mcpu=cortex-a9 -mfpu=vfpv3 -mfloat-abi=hard -nostartfiles -g -Wall -Wextra"
"Running Make libs in ps7_cortexa9_0/libsrc/coresightps_dcc_v1_4/src"
make -C ps7_cortexa9_0/libsrc/coresightps_dcc_v1_4/src -s libs  "SHELL=CMD" "COMPILER=arm-none-eabi-gcc" "ARCHIVER=arm-none-eabi-ar" "COMPILER_FLAGS=  -O2 -c" "EXTRA_COMPILER_FLAGS=-mcpu=cortex-a9 -mfpu=vfpv3 -mfloat-abi=hard -nostartfiles -g -Wall -Wextra"
"Compiling coresightps_dcc"
xcoresightpsdcc.c:67:10: fatal error: xil_types.h: No such file or directory
 #include <xil_types.h>
          ^~~~~~~~~~~~~
compilation terminated.
make[1]: *** [xcoresightpsdcc.o] ´íÎó 1
make[1]: ÓÉÓÚ´íÎóÄ¿±ê¡°libs¡±²¢Î´ÖØÐÂ´´½¨¡£
make: *** [ps7_cortexa9_0/libsrc/coresightps_dcc_v1_4/src/make.libs] ´íÎó 2
"Running Make libs in ps7_cortexa9_0/libsrc/cpu_cortexa9_v2_6/src"
make -C ps7_cortexa9_0/libsrc/cpu_cortexa9_v2_6/src -s libs  "SHELL=CMD" "COMPILER=arm-none-eabi-gcc" "ARCHIVER=arm-none-eabi-ar" "COMPILER_FLAGS=  -O2 -c" "EXTRA_COMPILER_FLAGS=-mcpu=cortex-a9 -mfpu=vfpv3 -mfloat-abi=hard -nostartfiles -g -Wall -Wextra"
"Compiling cpu_cortexa9"
"Running Make libs in ps7_cortexa9_0/libsrc/ddrps_v1_0/src"
make -C ps7_cortexa9_0/libsrc/ddrps_v1_0/src -s libs  "SHELL=CMD" "COMPILER=arm-none-eabi-gcc" "ARCHIVER=arm-none-eabi-ar" "COMPILER_FLAGS=  -O2 -c" "EXTRA_COMPILER_FLAGS=-mcpu=cortex-a9 -mfpu=vfpv3 -mfloat-abi=hard -nostartfiles -g -Wall -Wextra"
"Compiling ddrps"
"Running Make libs in ps7_cortexa9_0/libsrc/devcfg_v3_5/src"
make -C ps7_cortexa9_0/libsrc/devcfg_v3_5/src -s libs  "SHELL=CMD" "COMPILER=arm-none-eabi-gcc" "ARCHIVER=arm-none-eabi-ar" "COMPILER_FLAGS=  -O2 -c" "EXTRA_COMPILER_FLAGS=-mcpu=cortex-a9 -mfpu=vfpv3 -mfloat-abi=hard -nostartfiles -g -Wall -Wextra"
"Compiling devcfg"
In file included from xdevcfg.h:170:0,
                 from xdevcfg.c:92:
xdevcfg_hw.h:67:10: fatal error: xil_types.h: No such file or directory
 #include "xil_types.h"
          ^~~~~~~~~~~~~
compilation terminated.
make[1]: *** [xdevcfg.o] ´íÎó 1
In file included from xdevcfg_g.c:40:0:
../../../include/xparameters.h:19:10: fatal error: xparameters_ps.h: No such file or directory
 #include "xparameters_ps.h"
          ^~~~~~~~~~~~~~~~~~
compilation terminated.
make[1]: *** [xdevcfg_g.o] ´íÎó 1
In file included from xdevcfg_hw.c:52:0:
xdevcfg_hw.h:67:10: fatal error: xil_types.h: No such file or directory
 #include "xil_types.h"
          ^~~~~~~~~~~~~
compilation terminated.
make[1]: *** [xdevcfg_hw.o] ´íÎó 1
In file included from xdevcfg.h:170:0,
                 from xdevcfg_intr.c:57:
xdevcfg_hw.h:67:10: fatal error: xil_types.h: No such file or directory
 #include "xil_types.h"
          ^~~~~~~~~~~~~
compilation terminated.
make[1]: *** [xdevcfg_intr.o] ´íÎó 1
In file included from xdevcfg.h:170:0,
                 from xdevcfg_selftest.c:56:
xdevcfg_hw.h:67:10: fatal error: xil_types.h: No such file or directory
 #include "xil_types.h"
          ^~~~~~~~~~~~~
compilation terminated.
make[1]: *** [xdevcfg_selftest.o] ´íÎó 1
In file included from xdevcfg.h:170:0,
                 from xdevcfg_sinit.c:55:
xdevcfg_hw.h:67:10: fatal error: xil_types.h: No such file or directory
 #include "xil_types.h"
          ^~~~~~~~~~~~~
compilation terminated.
make[1]: *** [xdevcfg_sinit.o] ´íÎó 1
make[1]: ÓÉÓÚ´íÎóÄ¿±ê¡°libs¡±²¢Î´ÖØÐÂ´´½¨¡£
make: *** [ps7_cortexa9_0/libsrc/devcfg_v3_5/src/make.libs] ´íÎó 2
"Running Make libs in ps7_cortexa9_0/libsrc/dmaps_v2_3/src"
make -C ps7_cortexa9_0/libsrc/dmaps_v2_3/src -s libs  "SHELL=CMD" "COMPILER=arm-none-eabi-gcc" "ARCHIVER=arm-none-eabi-ar" "COMPILER_FLAGS=  -O2 -c" "EXTRA_COMPILER_FLAGS=-mcpu=cortex-a9 -mfpu=vfpv3 -mfloat-abi=hard -nostartfiles -g -Wall -Wextra"
"Compiling dmaps"
xdmaps.c:81:10: fatal error: xstatus.h: No such file or directory
 #include "xstatus.h"
          ^~~~~~~~~~~
compilation terminated.
make[1]: *** [xdmaps.o] ´íÎó 1
In file included from xdmaps_g.c:40:0:
../../../include/xparameters.h:19:10: fatal error: xparameters_ps.h: No such file or directory
 #include "xparameters_ps.h"
          ^~~~~~~~~~~~~~~~~~
compilation terminated.
make[1]: *** [xdmaps_g.o] ´íÎó 1
In file included from xdmaps_hw.c:53:0:
xdmaps_hw.h:66:10: fatal error: xil_types.h: No such file or directory
 #include "xil_types.h"
          ^~~~~~~~~~~~~
compilation terminated.
make[1]: *** [xdmaps_hw.o] ´íÎó 1
xdmaps_selftest.c:53:10: fatal error: xstatus.h: No such file or directory
 #include "xstatus.h"
          ^~~~~~~~~~~
compilation terminated.
make[1]: *** [xdmaps_selftest.o] ´íÎó 1
xdmaps_sinit.c:54:10: fatal error: xstatus.h: No such file or directory
 #include "xstatus.h"
          ^~~~~~~~~~~
compilation terminated.
make[1]: *** [xdmaps_sinit.o] ´íÎó 1
make[1]: ÓÉÓÚ´íÎóÄ¿±ê¡°libs¡±²¢Î´ÖØÐÂ´´½¨¡£
make: *** [ps7_cortexa9_0/libsrc/dmaps_v2_3/src/make.libs] ´íÎó 2
"Running Make libs in ps7_cortexa9_0/libsrc/gpiops_v3_3/src"
make -C ps7_cortexa9_0/libsrc/gpiops_v3_3/src -s libs  "SHELL=CMD" "COMPILER=arm-none-eabi-gcc" "ARCHIVER=arm-none-eabi-ar" "COMPILER_FLAGS=  -O2 -c" "EXTRA_COMPILER_FLAGS=-mcpu=cortex-a9 -mfpu=vfpv3 -mfloat-abi=hard -nostartfiles -g -Wall -Wextra"
"Compiling gpiops"
In file included from xgpiops.c:62:0:
xgpiops.h:122:10: fatal error: xstatus.h: No such file or directory
 #include "xstatus.h"
          ^~~~~~~~~~~
compilation terminated.
make[1]: *** [xgpiops.o] ´íÎó 1
In file included from xgpiops_g.c:40:0:
../../../include/xparameters.h:19:10: fatal error: xparameters_ps.h: No such file or directory
 #include "xparameters_ps.h"
          ^~~~~~~~~~~~~~~~~~
compilation terminated.
make[1]: *** [xgpiops_g.o] ´íÎó 1
In file included from xgpiops_hw.c:56:0:
xgpiops_hw.h:65:10: fatal error: xil_types.h: No such file or directory
 #include "xil_types.h"
          ^~~~~~~~~~~~~
compilation terminated.
make[1]: *** [xgpiops_hw.o] ´íÎó 1
In file included from xgpiops_intr.c:57:0:
xgpiops.h:122:10: fatal error: xstatus.h: No such file or directory
 #include "xstatus.h"
          ^~~~~~~~~~~
compilation terminated.
make[1]: *** [xgpiops_intr.o] ´íÎó 1
xgpiops_selftest.c:56:10: fatal error: xstatus.h: No such file or directory
 #include "xstatus.h"
          ^~~~~~~~~~~
compilation terminated.
make[1]: *** [xgpiops_selftest.o] ´íÎó 1
In file included from xgpiops_sinit.c:58:0:
xgpiops.h:122:10: fatal error: xstatus.h: No such file or directory
 #include "xstatus.h"
          ^~~~~~~~~~~
compilation terminated.
make[1]: *** [xgpiops_sinit.o] ´íÎó 1
make[1]: ÓÉÓÚ´íÎóÄ¿±ê¡°libs¡±²¢Î´ÖØÐÂ´´½¨¡£
make: *** [ps7_cortexa9_0/libsrc/gpiops_v3_3/src/make.libs] ´íÎó 2
"Running Make libs in ps7_cortexa9_0/libsrc/scugic_v3_9/src"
make -C ps7_cortexa9_0/libsrc/scugic_v3_9/src -s libs  "SHELL=CMD" "COMPILER=arm-none-eabi-gcc" "ARCHIVER=arm-none-eabi-ar" "COMPILER_FLAGS=  -O2 -c" "EXTRA_COMPILER_FLAGS=-mcpu=cortex-a9 -mfpu=vfpv3 -mfloat-abi=hard -nostartfiles -g -Wall -Wextra"
"Compiling scugic"
xscugic.c:127:10: fatal error: xil_types.h: No such file or directory
 #include "xil_types.h"
          ^~~~~~~~~~~~~
compilation terminated.
make[1]: *** [xscugic.o] ´íÎó 1
In file included from xscugic_g.c:40:0:
../../../include/xparameters.h:19:10: fatal error: xparameters_ps.h: No such file or directory
 #include "xparameters_ps.h"
          ^~~~~~~~~~~~~~~~~~
compilation terminated.
make[1]: *** [xscugic_g.o] ´íÎó 1
xscugic_hw.c:80:10: fatal error: xil_types.h: No such file or directory
 #include "xil_types.h"
          ^~~~~~~~~~~~~
compilation terminated.
make[1]: *** [xscugic_hw.o] ´íÎó 1
xscugic_intr.c:81:10: fatal error: xil_types.h: No such file or directory
 #include "xil_types.h"
          ^~~~~~~~~~~~~
compilation terminated.
make[1]: *** [xscugic_intr.o] ´íÎó 1
xscugic_selftest.c:54:10: fatal error: xil_types.h: No such file or directory
 #include "xil_types.h"
          ^~~~~~~~~~~~~
compilation terminated.
make[1]: *** [xscugic_selftest.o] ´íÎó 1
xscugic_sinit.c:56:10: fatal error: xil_types.h: No such file or directory
 #include "xil_types.h"
          ^~~~~~~~~~~~~
compilation terminated.
make[1]: *** [xscugic_sinit.o] ´íÎó 1
make[1]: ÓÉÓÚ´íÎóÄ¿±ê¡°libs¡±²¢Î´ÖØÐÂ´´½¨¡£
make: *** [ps7_cortexa9_0/libsrc/scugic_v3_9/src/make.libs] ´íÎó 2
"Running Make libs in ps7_cortexa9_0/libsrc/scutimer_v2_1/src"
make -C ps7_cortexa9_0/libsrc/scutimer_v2_1/src -s libs  "SHELL=CMD" "COMPILER=arm-none-eabi-gcc" "ARCHIVER=arm-none-eabi-ar" "COMPILER_FLAGS=  -O2 -c" "EXTRA_COMPILER_FLAGS=-mcpu=cortex-a9 -mfpu=vfpv3 -mfloat-abi=hard -nostartfiles -g -Wall -Wextra"
"Compiling scutimer"
In file included from xscutimer.c:55:0:
xscutimer.h:116:10: fatal error: xstatus.h: No such file or directory
 #include "xstatus.h"
          ^~~~~~~~~~~
compilation terminated.
make[1]: *** [xscutimer.o] ´íÎó 1
In file included from xscutimer_g.c:40:0:
../../../include/xparameters.h:19:10: fatal error: xparameters_ps.h: No such file or directory
 #include "xparameters_ps.h"
          ^~~~~~~~~~~~~~~~~~
compilation terminated.
make[1]: *** [xscutimer_g.o] ´íÎó 1
In file included from xscutimer_selftest.c:54:0:
xscutimer.h:116:10: fatal error: xstatus.h: No such file or directory
 #include "xstatus.h"
          ^~~~~~~~~~~
compilation terminated.
make[1]: *** [xscutimer_selftest.o] ´íÎó 1
In file included from xscutimer_sinit.c:55:0:
xscutimer.h:116:10: fatal error: xstatus.h: No such file or directory
 #include "xstatus.h"
          ^~~~~~~~~~~
compilation terminated.
make[1]: *** [xscutimer_sinit.o] ´íÎó 1
make[1]: ÓÉÓÚ´íÎóÄ¿±ê¡°libs¡±²¢Î´ÖØÐÂ´´½¨¡£
make: *** [ps7_cortexa9_0/libsrc/scutimer_v2_1/src/make.libs] ´íÎó 2
"Running Make libs in ps7_cortexa9_0/libsrc/scuwdt_v2_1/src"
make -C ps7_cortexa9_0/libsrc/scuwdt_v2_1/src -s libs  "SHELL=CMD" "COMPILER=arm-none-eabi-gcc" "ARCHIVER=arm-none-eabi-ar" "COMPILER_FLAGS=  -O2 -c" "EXTRA_COMPILER_FLAGS=-mcpu=cortex-a9 -mfpu=vfpv3 -mfloat-abi=hard -nostartfiles -g -Wall -Wextra"
"Compiling scuwdt"
In file included from xscuwdt.c:55:0:
xscuwdt.h:138:10: fatal error: xstatus.h: No such file or directory
 #include "xstatus.h"
          ^~~~~~~~~~~
compilation terminated.
make[1]: *** [xscuwdt.o] ´íÎó 1
In file included from xscuwdt_g.c:40:0:
../../../include/xparameters.h:19:10: fatal error: xparameters_ps.h: No such file or directory
 #include "xparameters_ps.h"
          ^~~~~~~~~~~~~~~~~~
compilation terminated.
make[1]: *** [xscuwdt_g.o] ´íÎó 1
In file included from xscuwdt_selftest.c:54:0:
xscuwdt.h:138:10: fatal error: xstatus.h: No such file or directory
 #include "xstatus.h"
          ^~~~~~~~~~~
compilation terminated.
make[1]: *** [xscuwdt_selftest.o] ´íÎó 1
In file included from xscuwdt_sinit.c:55:0:
xscuwdt.h:138:10: fatal error: xstatus.h: No such file or directory
 #include "xstatus.h"
          ^~~~~~~~~~~
compilation terminated.
make[1]: *** [xscuwdt_sinit.o] ´íÎó 1
make[1]: ÓÉÓÚ´íÎóÄ¿±ê¡°libs¡±²¢Î´ÖØÐÂ´´½¨¡£
make: *** [ps7_cortexa9_0/libsrc/scuwdt_v2_1/src/make.libs] ´íÎó 2
"Running Make libs in ps7_cortexa9_0/libsrc/sdps_v3_5/src"
make -C ps7_cortexa9_0/libsrc/sdps_v3_5/src -s libs  "SHELL=CMD" "COMPILER=arm-none-eabi-gcc" "ARCHIVER=arm-none-eabi-ar" "COMPILER_FLAGS=  -O2 -c" "EXTRA_COMPILER_FLAGS=-mcpu=cortex-a9 -mfpu=vfpv3 -mfloat-abi=hard -nostartfiles -g -Wall -Wextra"
"Compiling sdps"
In file included from xsdps.c:99:0:
xsdps.h:165:10: fatal error: xil_printf.h: No such file or directory
 #include "xil_printf.h"
          ^~~~~~~~~~~~~~
compilation terminated.
make[1]: *** [xsdps.o] ´íÎó 1
In file included from xsdps_g.c:40:0:
../../../include/xparameters.h:19:10: fatal error: xparameters_ps.h: No such file or directory
 #include "xparameters_ps.h"
          ^~~~~~~~~~~~~~~~~~
compilation terminated.
make[1]: *** [xsdps_g.o] ´íÎó 1
In file included from xsdps_options.c:84:0:
xsdps.h:165:10: fatal error: xil_printf.h: No such file or directory
 #include "xil_printf.h"
          ^~~~~~~~~~~~~~
compilation terminated.
make[1]: *** [xsdps_options.o] ´íÎó 1
xsdps_sinit.c:55:10: fatal error: xstatus.h: No such file or directory
 #include "xstatus.h"
          ^~~~~~~~~~~
compilation terminated.
make[1]: *** [xsdps_sinit.o] ´íÎó 1
make[1]: ÓÉÓÚ´íÎóÄ¿±ê¡°libs¡±²¢Î´ÖØÐÂ´´½¨¡£
make: *** [ps7_cortexa9_0/libsrc/sdps_v3_5/src/make.libs] ´íÎó 2
"Running Make libs in ps7_cortexa9_0/libsrc/uartps_v3_6/src"
make -C ps7_cortexa9_0/libsrc/uartps_v3_6/src -s libs  "SHELL=CMD" "COMPILER=arm-none-eabi-gcc" "ARCHIVER=arm-none-eabi-ar" "COMPILER_FLAGS=  -O2 -c" "EXTRA_COMPILER_FLAGS=-mcpu=cortex-a9 -mfpu=vfpv3 -mfloat-abi=hard -nostartfiles -g -Wall -Wextra"
"Compiling uartps"
xuartps.c:59:10: fatal error: xstatus.h: No such file or directory
 #include "xstatus.h"
          ^~~~~~~~~~~
compilation terminated.
make[1]: *** [xuartps.o] ´íÎó 1
In file included from xuartps_g.c:40:0:
../../../include/xparameters.h:19:10: fatal error: xparameters_ps.h: No such file or directory
 #include "xparameters_ps.h"
          ^~~~~~~~~~~~~~~~~~
compilation terminated.
make[1]: *** [xuartps_g.o] ´íÎó 1
In file included from xuartps_hw.c:53:0:
xuartps_hw.h:73:10: fatal error: xil_types.h: No such file or directory
 #include "xil_types.h"
          ^~~~~~~~~~~~~
compilation terminated.
make[1]: *** [xuartps_hw.o] ´íÎó 1
In file included from xuartps_intr.c:55:0:
xuartps.h:187:10: fatal error: xil_types.h: No such file or directory
 #include "xil_types.h"
          ^~~~~~~~~~~~~
compilation terminated.
make[1]: *** [xuartps_intr.o] ´íÎó 1
In file included from xuartps_options.c:58:0:
xuartps.h:187:10: fatal error: xil_types.h: No such file or directory
 #include "xil_types.h"
          ^~~~~~~~~~~~~
compilation terminated.
make[1]: *** [xuartps_options.o] ´íÎó 1
xuartps_selftest.c:54:10: fatal error: xstatus.h: No such file or directory
 #include "xstatus.h"
          ^~~~~~~~~~~
compilation terminated.
make[1]: *** [xuartps_selftest.o] ´íÎó 1
xuartps_sinit.c:55:10: fatal error: xstatus.h: No such file or directory
 #include "xstatus.h"
          ^~~~~~~~~~~
compilation terminated.
make[1]: *** [xuartps_sinit.o] ´íÎó 1
make[1]: ÓÉÓÚ´íÎóÄ¿±ê¡°libs¡±²¢Î´ÖØÐÂ´´½¨¡£
make: *** [ps7_cortexa9_0/libsrc/uartps_v3_6/src/make.libs] ´íÎó 2
"Running Make libs in ps7_cortexa9_0/libsrc/User_DMA_v1_0/src"
make -C ps7_cortexa9_0/libsrc/User_DMA_v1_0/src -s libs  "SHELL=CMD" "COMPILER=arm-none-eabi-gcc" "ARCHIVER=arm-none-eabi-ar" "COMPILER_FLAGS=  -O2 -c" "EXTRA_COMPILER_FLAGS=-mcpu=cortex-a9 -mfpu=vfpv3 -mfloat-abi=hard -nostartfiles -g -Wall -Wextra"
"Compiling User_DMA..."
In file included from User_DMA.c:4:0:
User_DMA.h:7:10: fatal error: xil_types.h: No such file or directory
 #include "xil_types.h"
          ^~~~~~~~~~~~~
compilation terminated.
In file included from User_DMA_selftest.c:3:0:
User_DMA.h:7:10: fatal error: xil_types.h: No such file or directory
 #include "xil_types.h"
          ^~~~~~~~~~~~~
compilation terminated.
make[1]: *** [libs] ´íÎó 1
make: *** [ps7_cortexa9_0/libsrc/User_DMA_v1_0/src/make.libs] ´íÎó 2
"Running Make libs in ps7_cortexa9_0/libsrc/xadcps_v2_2/src"
make -C ps7_cortexa9_0/libsrc/xadcps_v2_2/src -s libs  "SHELL=CMD" "COMPILER=arm-none-eabi-gcc" "ARCHIVER=arm-none-eabi-ar" "COMPILER_FLAGS=  -O2 -c" "EXTRA_COMPILER_FLAGS=-mcpu=cortex-a9 -mfpu=vfpv3 -mfloat-abi=hard -nostartfiles -g -Wall -Wextra"
"Compiling xadcps"
In file included from xadcps.c:66:0:
xadcps.h:195:10: fatal error: xil_types.h: No such file or directory
 #include "xil_types.h"
          ^~~~~~~~~~~~~
compilation terminated.
make[1]: *** [xadcps.o] ´íÎó 1
In file included from xadcps_g.c:40:0:
../../../include/xparameters.h:19:10: fatal error: xparameters_ps.h: No such file or directory
 #include "xparameters_ps.h"
          ^~~~~~~~~~~~~~~~~~
compilation terminated.
make[1]: *** [xadcps_g.o] ´íÎó 1
In file included from xadcps_intr.c:67:0:
xadcps.h:195:10: fatal error: xil_types.h: No such file or directory
 #include "xil_types.h"
          ^~~~~~~~~~~~~
compilation terminated.
make[1]: *** [xadcps_intr.o] ´íÎó 1
In file included from xadcps_selftest.c:61:0:
xadcps.h:195:10: fatal error: xil_types.h: No such file or directory
 #include "xil_types.h"
          ^~~~~~~~~~~~~
compilation terminated.
make[1]: *** [xadcps_selftest.o] ´íÎó 1
In file included from xadcps_sinit.c:58:0:
../../../include/xparameters.h:19:10: fatal error: xparameters_ps.h: No such file or directory
 #include "xparameters_ps.h"
          ^~~~~~~~~~~~~~~~~~
compilation terminated.
make[1]: *** [xadcps_sinit.o] ´íÎó 1
make[1]: ÓÉÓÚ´íÎóÄ¿±ê¡°libs¡±²¢Î´ÖØÐÂ´´½¨¡£
make: *** [ps7_cortexa9_0/libsrc/xadcps_v2_2/src/make.libs] ´íÎó 2
make: ÓÉÓÚ´íÎóÄ¿±ê¡°all¡±²¢Î´ÖØÐÂ´´½¨¡£
01:14:10 **** Build of configuration Debug for project hello ****
make pre-build main-build 
a9-linaro-pre-build-step
' '
'Building file: ../src/helloworld.c'
'Invoking: ARM v7 gcc compiler'
arm-none-eabi-gcc -Wall -O0 -g3 -c -fmessage-length=0 -MT"src/helloworld.o" -mcpu=cortex-a9 -mfpu=vfpv3 -mfloat-abi=hard -I../../hello_bsp/ps7_cortexa9_0/include -MMD -MP -MF"src/helloworld.d" -MT"src/helloworld.o" -o "src/helloworld.o" "../src/helloworld.c"
../src/helloworld.c:50:10: fatal error: xil_printf.h: No such file or directory
 #include "xil_printf.h"
          ^~~~~~~~~~~~~~
compilation terminated.
make: *** [src/helloworld.o] ´íÎó 1
01:14:12 **** Auto Build of configuration Debug for project hello ****
make pre-build main-build 
a9-linaro-pre-build-step
' '
'Building file: ../src/helloworld.c'
'Invoking: ARM v7 gcc compiler'
arm-none-eabi-gcc -Wall -O0 -g3 -c -fmessage-length=0 -MT"src/helloworld.o" -mcpu=cortex-a9 -mfpu=vfpv3 -mfloat-abi=hard -I../../hello_bsp/ps7_cortexa9_0/include -MMD -MP -MF"src/helloworld.d" -MT"src/helloworld.o" -o "src/helloworld.o" "../src/helloworld.c"
../src/helloworld.c:50:10: fatal error: xil_printf.h: No such file or directory
 #include "xil_printf.h"
          ^~~~~~~~~~~~~~
compilation terminated.
make: *** [src/helloworld.o] ´íÎó 1
18:31:01 **** Auto Build of project hello_bsp ****
make -k all 
Running Make include in ps7_cortexa9_0/libsrc/dmaps_v2_3/src
make -C ps7_cortexa9_0/libsrc/dmaps_v2_3/src -s include  "SHELL=/bin/sh" "COMPILER=arm-none-eabi-gcc" "ARCHIVER=arm-none-eabi-ar" "COMPILER_FLAGS=  -O2 -c" "EXTRA_COMPILER_FLAGS=-mcpu=cortex-a9 -mfpu=vfpv3 -mfloat-abi=hard -nostartfiles -g -Wall -Wextra"
Running Make include in ps7_cortexa9_0/libsrc/ddrps_v1_0/src
make -C ps7_cortexa9_0/libsrc/ddrps_v1_0/src -s include  "SHELL=/bin/sh" "COMPILER=arm-none-eabi-gcc" "ARCHIVER=arm-none-eabi-ar" "COMPILER_FLAGS=  -O2 -c" "EXTRA_COMPILER_FLAGS=-mcpu=cortex-a9 -mfpu=vfpv3 -mfloat-abi=hard -nostartfiles -g -Wall -Wextra"
Running Make include in ps7_cortexa9_0/libsrc/gpiops_v3_3/src
make -C ps7_cortexa9_0/libsrc/gpiops_v3_3/src -s include  "SHELL=/bin/sh" "COMPILER=arm-none-eabi-gcc" "ARCHIVER=arm-none-eabi-ar" "COMPILER_FLAGS=  -O2 -c" "EXTRA_COMPILER_FLAGS=-mcpu=cortex-a9 -mfpu=vfpv3 -mfloat-abi=hard -nostartfiles -g -Wall -Wextra"
Running Make include in ps7_cortexa9_0/libsrc/scugic_v3_9/src
make -C ps7_cortexa9_0/libsrc/scugic_v3_9/src -s include  "SHELL=/bin/sh" "COMPILER=arm-none-eabi-gcc" "ARCHIVER=arm-none-eabi-ar" "COMPILER_FLAGS=  -O2 -c" "EXTRA_COMPILER_FLAGS=-mcpu=cortex-a9 -mfpu=vfpv3 -mfloat-abi=hard -nostartfiles -g -Wall -Wextra"
Running Make include in ps7_cortexa9_0/libsrc/uartps_v3_6/src
make -C ps7_cortexa9_0/libsrc/uartps_v3_6/src -s include  "SHELL=/bin/sh" "COMPILER=arm-none-eabi-gcc" "ARCHIVER=arm-none-eabi-ar" "COMPILER_FLAGS=  -O2 -c" "EXTRA_COMPILER_FLAGS=-mcpu=cortex-a9 -mfpu=vfpv3 -mfloat-abi=hard -nostartfiles -g -Wall -Wextra"
Running Make include in ps7_cortexa9_0/libsrc/User_DMA_v1_0/src
make -C ps7_cortexa9_0/libsrc/User_DMA_v1_0/src -s include  "SHELL=/bin/sh" "COMPILER=arm-none-eabi-gcc" "ARCHIVER=arm-none-eabi-ar" "COMPILER_FLAGS=  -O2 -c" "EXTRA_COMPILER_FLAGS=-mcpu=cortex-a9 -mfpu=vfpv3 -mfloat-abi=hard -nostartfiles -g -Wall -Wextra"
Running Make include in ps7_cortexa9_0/libsrc/xadcps_v2_2/src
make -C ps7_cortexa9_0/libsrc/xadcps_v2_2/src -s include  "SHELL=/bin/sh" "COMPILER=arm-none-eabi-gcc" "ARCHIVER=arm-none-eabi-ar" "COMPILER_FLAGS=  -O2 -c" "EXTRA_COMPILER_FLAGS=-mcpu=cortex-a9 -mfpu=vfpv3 -mfloat-abi=hard -nostartfiles -g -Wall -Wextra"
Running Make include in ps7_cortexa9_0/libsrc/devcfg_v3_5/src
make -C ps7_cortexa9_0/libsrc/devcfg_v3_5/src -s include  "SHELL=/bin/sh" "COMPILER=arm-none-eabi-gcc" "ARCHIVER=arm-none-eabi-ar" "COMPILER_FLAGS=  -O2 -c" "EXTRA_COMPILER_FLAGS=-mcpu=cortex-a9 -mfpu=vfpv3 -mfloat-abi=hard -nostartfiles -g -Wall -Wextra"
Running Make include in ps7_cortexa9_0/libsrc/scuwdt_v2_1/src
make -C ps7_cortexa9_0/libsrc/scuwdt_v2_1/src -s include  "SHELL=/bin/sh" "COMPILER=arm-none-eabi-gcc" "ARCHIVER=arm-none-eabi-ar" "COMPILER_FLAGS=  -O2 -c" "EXTRA_COMPILER_FLAGS=-mcpu=cortex-a9 -mfpu=vfpv3 -mfloat-abi=hard -nostartfiles -g -Wall -Wextra"
Running Make include in ps7_cortexa9_0/libsrc/sdps_v3_5/src
make -C ps7_cortexa9_0/libsrc/sdps_v3_5/src -s include  "SHELL=/bin/sh" "COMPILER=arm-none-eabi-gcc" "ARCHIVER=arm-none-eabi-ar" "COMPILER_FLAGS=  -O2 -c" "EXTRA_COMPILER_FLAGS=-mcpu=cortex-a9 -mfpu=vfpv3 -mfloat-abi=hard -nostartfiles -g -Wall -Wextra"
Running Make include in ps7_cortexa9_0/libsrc/cpu_cortexa9_v2_6/src
make -C ps7_cortexa9_0/libsrc/cpu_cortexa9_v2_6/src -s include  "SHELL=/bin/sh" "COMPILER=arm-none-eabi-gcc" "ARCHIVER=arm-none-eabi-ar" "COMPILER_FLAGS=  -O2 -c" "EXTRA_COMPILER_FLAGS=-mcpu=cortex-a9 -mfpu=vfpv3 -mfloat-abi=hard -nostartfiles -g -Wall -Wextra"
Running Make include in ps7_cortexa9_0/libsrc/coresightps_dcc_v1_4/src
make -C ps7_cortexa9_0/libsrc/coresightps_dcc_v1_4/src -s include  "SHELL=/bin/sh" "COMPILER=arm-none-eabi-gcc" "ARCHIVER=arm-none-eabi-ar" "COMPILER_FLAGS=  -O2 -c" "EXTRA_COMPILER_FLAGS=-mcpu=cortex-a9 -mfpu=vfpv3 -mfloat-abi=hard -nostartfiles -g -Wall -Wextra"
Running Make include in ps7_cortexa9_0/libsrc/scutimer_v2_1/src
make -C ps7_cortexa9_0/libsrc/scutimer_v2_1/src -s include  "SHELL=/bin/sh" "COMPILER=arm-none-eabi-gcc" "ARCHIVER=arm-none-eabi-ar" "COMPILER_FLAGS=  -O2 -c" "EXTRA_COMPILER_FLAGS=-mcpu=cortex-a9 -mfpu=vfpv3 -mfloat-abi=hard -nostartfiles -g -Wall -Wextra"
Running Make libs in ps7_cortexa9_0/libsrc/dmaps_v2_3/src
make -C ps7_cortexa9_0/libsrc/dmaps_v2_3/src -s libs  "SHELL=/bin/sh" "COMPILER=arm-none-eabi-gcc" "ARCHIVER=arm-none-eabi-ar" "COMPILER_FLAGS=  -O2 -c" "EXTRA_COMPILER_FLAGS=-mcpu=cortex-a9 -mfpu=vfpv3 -mfloat-abi=hard -nostartfiles -g -Wall -Wextra"
Compiling dmaps
xdmaps.c:81:10: fatal error: xstatus.h: No such file or directory
Makefile:25: recipe for target 'xdmaps.o' failed
 #include "xstatus.h"
          ^~~~~~~~~~~
compilation terminated.
make[1]: *** [xdmaps.o] Error 1
In file included from xdmaps_hw.c:53:0:
Makefile:25: recipe for target 'xdmaps_hw.o' failed
xdmaps_hw.h:66:10: fatal error: xil_types.h: No such file or directory
 #include "xil_types.h"
          ^~~~~~~~~~~~~
compilation terminated.
make[1]: *** [xdmaps_hw.o] Error 1
Makefile:25: recipe for target 'xdmaps_selftest.o' failed
Makefile:25: recipe for target 'xdmaps_sinit.o' failed
xdmaps_selftest.c:53:10: fatal error: xstatus.h: No such file or directory
 #include "xstatus.h"
          ^~~~~~~~~~~
compilation terminated.
make[1]: *** [xdmaps_selftest.o] Error 1
xdmaps_sinit.c:54:10: fatal error: xstatus.h: No such file or directory
Makefile:25: recipe for target 'xdmaps_g.o' failed
 #include "xstatus.h"
          ^~~~~~~~~~~
compilation terminated.
make[1]: *** [xdmaps_sinit.o] Error 1
In file included from xdmaps_g.c:40:0:
../../../include/xparameters.h:19:10: fatal error: xparameters_ps.h: No such file or directory
 #include "xparameters_ps.h"
          ^~~~~~~~~~~~~~~~~~
compilation terminated.
make[1]: *** [xdmaps_g.o] Error 1
Makefile:29: recipe for target 'ps7_cortexa9_0/libsrc/dmaps_v2_3/src/make.libs' failed
make[1]: Target 'libs' not remade because of errors.
make: *** [ps7_cortexa9_0/libsrc/dmaps_v2_3/src/make.libs] Error 2
Running Make libs in ps7_cortexa9_0/libsrc/ddrps_v1_0/src
make -C ps7_cortexa9_0/libsrc/ddrps_v1_0/src -s libs  "SHELL=/bin/sh" "COMPILER=arm-none-eabi-gcc" "ARCHIVER=arm-none-eabi-ar" "COMPILER_FLAGS=  -O2 -c" "EXTRA_COMPILER_FLAGS=-mcpu=cortex-a9 -mfpu=vfpv3 -mfloat-abi=hard -nostartfiles -g -Wall -Wextra"
Compiling ddrps
Running Make libs in ps7_cortexa9_0/libsrc/gpiops_v3_3/src
make -C ps7_cortexa9_0/libsrc/gpiops_v3_3/src -s libs  "SHELL=/bin/sh" "COMPILER=arm-none-eabi-gcc" "ARCHIVER=arm-none-eabi-ar" "COMPILER_FLAGS=  -O2 -c" "EXTRA_COMPILER_FLAGS=-mcpu=cortex-a9 -mfpu=vfpv3 -mfloat-abi=hard -nostartfiles -g -Wall -Wextra"
Compiling gpiops
In file included from xgpiops_g.c:40:0:
../../../include/xparameters.h:19:10: fatal error: xparameters_ps.h: No such file or directory
 #include "xparameters_ps.h"
          ^~~~~~~~~~~~~~~~~~
compilation terminated.
Makefile:25: recipe for target 'xgpiops_g.o' failed
make[1]: *** [xgpiops_g.o] Error 1
In file included from xgpiops_intr.c:57:0:
xgpiops.h:122:10: fatal error: xstatus.h: No such file or directory
 #include "xstatus.h"
          ^~~~~~~~~~~
compilation terminated.
Makefile:25: recipe for target 'xgpiops_intr.o' failed
make[1]: *** [xgpiops_intr.o] Error 1
In file included from xgpiops_hw.c:56:0:
xgpiops_hw.h:65:10: fatal error: xil_types.h: No such file or directory
 #include "xil_types.h"
          ^~~~~~~~~~~~~
compilation terminated.
Makefile:25: recipe for target 'xgpiops_hw.o' failed
make[1]: *** [xgpiops_hw.o] Error 1
xgpiops_selftest.c:56:10: fatal error: xstatus.h: No such file or directory
 #include "xstatus.h"
          ^~~~~~~~~~~
compilation terminated.
Makefile:25: recipe for target 'xgpiops_selftest.o' failed
make[1]: *** [xgpiops_selftest.o] Error 1
In file included from xgpiops_sinit.c:58:0:
xgpiops.h:122:10: fatal error: xstatus.h: No such file or directory
 #include "xstatus.h"
          ^~~~~~~~~~~
compilation terminated.
Makefile:25: recipe for target 'xgpiops_sinit.o' failed
make[1]: *** [xgpiops_sinit.o] Error 1
In file included from xgpiops.c:62:0:
xgpiops.h:122:10: fatal error: xstatus.h: No such file or directory
 #include "xstatus.h"
          ^~~~~~~~~~~
compilation terminated.
Makefile:25: recipe for target 'xgpiops.o' failed
make[1]: *** [xgpiops.o] Error 1
make[1]: Target 'libs' not remade because of errors.
Makefile:29: recipe for target 'ps7_cortexa9_0/libsrc/gpiops_v3_3/src/make.libs' failed
make: *** [ps7_cortexa9_0/libsrc/gpiops_v3_3/src/make.libs] Error 2
Running Make libs in ps7_cortexa9_0/libsrc/scugic_v3_9/src
make -C ps7_cortexa9_0/libsrc/scugic_v3_9/src -s libs  "SHELL=/bin/sh" "COMPILER=arm-none-eabi-gcc" "ARCHIVER=arm-none-eabi-ar" "COMPILER_FLAGS=  -O2 -c" "EXTRA_COMPILER_FLAGS=-mcpu=cortex-a9 -mfpu=vfpv3 -mfloat-abi=hard -nostartfiles -g -Wall -Wextra"
Compiling scugic
xscugic_selftest.c:54:10: fatal error: xil_types.h: No such file or directory
 #include "xil_types.h"
          ^~~~~~~~~~~~~
Makefile:25: recipe for target 'xscugic_selftest.o' failed
compilation terminated.
make[1]: *** [xscugic_selftest.o] Error 1
xscugic_sinit.c:56:10: fatal error: xil_types.h: No such file or directory
 #include "xil_types.h"
          ^~~~~~~~~~~~~
compilation terminated.
Makefile:25: recipe for target 'xscugic_sinit.o' failed
make[1]: *** [xscugic_sinit.o] Error 1
In file included from xscugic_g.c:40:0:
../../../include/xparameters.h:19:10: fatal error: xparameters_ps.h: No such file or directory
 #include "xparameters_ps.h"
          ^~~~~~~~~~~~~~~~~~
compilation terminated.
make[1]: *** [xscugic_g.o] Error 1
Makefile:25: recipe for target 'xscugic_g.o' failed
xscugic.c:127:10: fatal error: xil_types.h: No such file or directory
 #include "xil_types.h"
          ^~~~~~~~~~~~~
compilation terminated.
make[1]: *** [xscugic.o] Error 1
Makefile:25: recipe for target 'xscugic.o' failed
xscugic_hw.c:80:10: fatal error: xil_types.h: No such file or directory
 #include "xil_types.h"
          ^~~~~~~~~~~~~
compilation terminated.
Makefile:25: recipe for target 'xscugic_hw.o' failed
make[1]: *** [xscugic_hw.o] Error 1
xscugic_intr.c:81:10: fatal error: xil_types.h: No such file or directory
 #include "xil_types.h"
          ^~~~~~~~~~~~~
compilation terminated.
Makefile:25: recipe for target 'xscugic_intr.o' failed
make[1]: *** [xscugic_intr.o] Error 1
make[1]: Target 'libs' not remade because of errors.
make: *** [ps7_cortexa9_0/libsrc/scugic_v3_9/src/make.libs] Error 2
Makefile:29: recipe for target 'ps7_cortexa9_0/libsrc/scugic_v3_9/src/make.libs' failed
Running Make libs in ps7_cortexa9_0/libsrc/uartps_v3_6/src
make -C ps7_cortexa9_0/libsrc/uartps_v3_6/src -s libs  "SHELL=/bin/sh" "COMPILER=arm-none-eabi-gcc" "ARCHIVER=arm-none-eabi-ar" "COMPILER_FLAGS=  -O2 -c" "EXTRA_COMPILER_FLAGS=-mcpu=cortex-a9 -mfpu=vfpv3 -mfloat-abi=hard -nostartfiles -g -Wall -Wextra"
Compiling uartps
xuartps.c:59:10: fatal error: xstatus.h: No such file or directory
 #include "xstatus.h"
          ^~~~~~~~~~~
compilation terminated.
make[1]: *** [xuartps.o] Error 1
Makefile:25: recipe for target 'xuartps.o' failed
xuartps_selftest.c:54:10: fatal error: xstatus.h: No such file or directory
 #include "xstatus.h"
          ^~~~~~~~~~~
compilation terminated.
make[1]: *** [xuartps_selftest.o] Error 1
Makefile:25: recipe for target 'xuartps_selftest.o' failed
xuartps_sinit.c:55:10: fatal error: xstatus.h: No such file or directory
Makefile:25: recipe for target 'xuartps_sinit.o' failed
 #include "xstatus.h"
          ^~~~~~~~~~~
compilation terminated.
make[1]: *** [xuartps_sinit.o] Error 1
In file included from xuartps_g.c:40:0:
../../../include/xparameters.h:19:10: fatal error: xparameters_ps.h: No such file or directory
 #include "xparameters_ps.h"
          ^~~~~~~~~~~~~~~~~~
compilation terminated.
Makefile:25: recipe for target 'xuartps_g.o' failed
make[1]: *** [xuartps_g.o] Error 1
In file included from xuartps_hw.c:53:0:
xuartps_hw.h:73:10: fatal error: xil_types.h: No such file or directory
 #include "xil_types.h"
          ^~~~~~~~~~~~~
compilation terminated.
make[1]: *** [xuartps_hw.o] Error 1
Makefile:25: recipe for target 'xuartps_hw.o' failed
In file included from xuartps_options.c:58:0:
xuartps.h:187:10: fatal error: xil_types.h: No such file or directory
Makefile:25: recipe for target 'xuartps_options.o' failed
 #include "xil_types.h"
          ^~~~~~~~~~~~~
compilation terminated.
make[1]: *** [xuartps_options.o] Error 1
In file included from xuartps_intr.c:55:0:
xuartps.h:187:10: fatal error: xil_types.h: No such file or directory
 #include "xil_types.h"
Makefile:25: recipe for target 'xuartps_intr.o' failed
Makefile:29: recipe for target 'ps7_cortexa9_0/libsrc/uartps_v3_6/src/make.libs' failed
          ^~~~~~~~~~~~~
compilation terminated.
make[1]: *** [xuartps_intr.o] Error 1
make[1]: Target 'libs' not remade because of errors.
make: *** [ps7_cortexa9_0/libsrc/uartps_v3_6/src/make.libs] Error 2
Running Make libs in ps7_cortexa9_0/libsrc/User_DMA_v1_0/src
make -C ps7_cortexa9_0/libsrc/User_DMA_v1_0/src -s libs  "SHELL=/bin/sh" "COMPILER=arm-none-eabi-gcc" "ARCHIVER=arm-none-eabi-ar" "COMPILER_FLAGS=  -O2 -c" "EXTRA_COMPILER_FLAGS=-mcpu=cortex-a9 -mfpu=vfpv3 -mfloat-abi=hard -nostartfiles -g -Wall -Wextra"
Compiling User_DMA...
In file included from User_DMA.c:4:0:
User_DMA.h:7:10: fatal error: xil_types.h: No such file or directory
 #include "xil_types.h"
          ^~~~~~~~~~~~~
compilation terminated.
In file included from User_DMA_selftest.c:3:0:
User_DMA.h:7:10: fatal error: xil_types.h: No such file or directory
 #include "xil_types.h"
          ^~~~~~~~~~~~~
compilation terminated.
Makefile:17: recipe for target 'libs' failed
Makefile:29: recipe for target 'ps7_cortexa9_0/libsrc/User_DMA_v1_0/src/make.libs' failed
make[1]: *** [libs] Error 1
make: *** [ps7_cortexa9_0/libsrc/User_DMA_v1_0/src/make.libs] Error 2
Running Make libs in ps7_cortexa9_0/libsrc/xadcps_v2_2/src
make -C ps7_cortexa9_0/libsrc/xadcps_v2_2/src -s libs  "SHELL=/bin/sh" "COMPILER=arm-none-eabi-gcc" "ARCHIVER=arm-none-eabi-ar" "COMPILER_FLAGS=  -O2 -c" "EXTRA_COMPILER_FLAGS=-mcpu=cortex-a9 -mfpu=vfpv3 -mfloat-abi=hard -nostartfiles -g -Wall -Wextra"
Compiling xadcps
In file included from xadcps_g.c:40:0:
../../../include/xparameters.h:19:10: fatal error: xparameters_ps.h: No such file or directory
 #include "xparameters_ps.h"
          ^~~~~~~~~~~~~~~~~~
compilation terminated.
Makefile:25: recipe for target 'xadcps_g.o' failed
make[1]: *** [xadcps_g.o] Error 1
In file included from xadcps_selftest.c:61:0:
xadcps.h:195:10: fatal error: xil_types.h: No such file or directory
 #include "xil_types.h"
          ^~~~~~~~~~~~~
compilation terminated.
make[1]: *** [xadcps_selftest.o] Error 1
Makefile:25: recipe for target 'xadcps_selftest.o' failed
In file included from xadcps_sinit.c:58:0:
../../../include/xparameters.h:19:10: fatal error: xparameters_ps.h: No such file or directory
 #include "xparameters_ps.h"
          ^~~~~~~~~~~~~~~~~~
Makefile:25: recipe for target 'xadcps_sinit.o' failed
compilation terminated.
make[1]: *** [xadcps_sinit.o] Error 1
In file included from xadcps.c:66:0:
xadcps.h:195:10: fatal error: xil_types.h: No such file or directory
 #include "xil_types.h"
          ^~~~~~~~~~~~~
compilation terminated.
Makefile:25: recipe for target 'xadcps.o' failed
make[1]: *** [xadcps.o] Error 1
In file included from xadcps_intr.c:67:0:
xadcps.h:195:10: fatal error: xil_types.h: No such file or directory
Makefile:25: recipe for target 'xadcps_intr.o' failed
 #include "xil_types.h"
          ^~~~~~~~~~~~~
Makefile:29: recipe for target 'ps7_cortexa9_0/libsrc/xadcps_v2_2/src/make.libs' failed
compilation terminated.
make[1]: *** [xadcps_intr.o] Error 1
Running Make libs in ps7_cortexa9_0/libsrc/devcfg_v3_5/src
make -C ps7_cortexa9_0/libsrc/devcfg_v3_5/src -s libs  "SHELL=/bin/sh" "COMPILER=arm-none-eabi-gcc" "ARCHIVER=arm-none-eabi-ar" "COMPILER_FLAGS=  -O2 -c" "EXTRA_COMPILER_FLAGS=-mcpu=cortex-a9 -mfpu=vfpv3 -mfloat-abi=hard -nostartfiles -g -Wall -Wextra"
make[1]: Target 'libs' not remade because of errors.
make: *** [ps7_cortexa9_0/libsrc/xadcps_v2_2/src/make.libs] Error 2
Compiling devcfg
In file included from xdevcfg.h:170:0,
                 from xdevcfg.c:92:
xdevcfg_hw.h:67:10: fatal error: xil_types.h: No such file or directory
Makefile:25: recipe for target 'xdevcfg.o' failed
 #include "xil_types.h"
          ^~~~~~~~~~~~~
compilation terminated.
make[1]: *** [xdevcfg.o] Error 1
In file included from xdevcfg.h:170:0,
                 from xdevcfg_intr.c:57:
xdevcfg_hw.h:67:10: fatal error: xil_types.h: No such file or directory
Makefile:25: recipe for target 'xdevcfg_intr.o' failed
 #include "xil_types.h"
          ^~~~~~~~~~~~~
compilation terminated.
make[1]: *** [xdevcfg_intr.o] Error 1
In file included from xdevcfg_hw.c:52:0:
xdevcfg_hw.h:67:10: fatal error: xil_types.h: No such file or directory
Makefile:25: recipe for target 'xdevcfg_hw.o' failed
 #include "xil_types.h"
          ^~~~~~~~~~~~~
compilation terminated.
make[1]: *** [xdevcfg_hw.o] Error 1
In file included from xdevcfg.h:170:0,
                 from xdevcfg_selftest.c:56:
xdevcfg_hw.h:67:10: fatal error: xil_types.h: No such file or directory
Makefile:25: recipe for target 'xdevcfg_selftest.o' failed
 #include "xil_types.h"
          ^~~~~~~~~~~~~
compilation terminated.
make[1]: *** [xdevcfg_selftest.o] Error 1
In file included from xdevcfg.h:170:0,
                 from xdevcfg_sinit.c:55:
xdevcfg_hw.h:67:10: fatal error: xil_types.h: No such file or directory
 #include "xil_types.h"
          ^~~~~~~~~~~~~
compilation terminated.
make[1]: *** [xdevcfg_sinit.o] Error 1
Makefile:25: recipe for target 'xdevcfg_sinit.o' failed
In file included from xdevcfg_g.c:40:0:
../../../include/xparameters.h:19:10: fatal error: xparameters_ps.h: No such file or directory
 #include "xparameters_ps.h"
          ^~~~~~~~~~~~~~~~~~
compilation terminated.
Makefile:25: recipe for target 'xdevcfg_g.o' failed
make[1]: *** [xdevcfg_g.o] Error 1
make[1]: Target 'libs' not remade because of errors.
make: *** [ps7_cortexa9_0/libsrc/devcfg_v3_5/src/make.libs] Error 2
Makefile:29: recipe for target 'ps7_cortexa9_0/libsrc/devcfg_v3_5/src/make.libs' failed
Running Make libs in ps7_cortexa9_0/libsrc/scuwdt_v2_1/src
make -C ps7_cortexa9_0/libsrc/scuwdt_v2_1/src -s libs  "SHELL=/bin/sh" "COMPILER=arm-none-eabi-gcc" "ARCHIVER=arm-none-eabi-ar" "COMPILER_FLAGS=  -O2 -c" "EXTRA_COMPILER_FLAGS=-mcpu=cortex-a9 -mfpu=vfpv3 -mfloat-abi=hard -nostartfiles -g -Wall -Wextra"
Compiling scuwdt
In file included from xscuwdt_selftest.c:54:0:
xscuwdt.h:138:10: fatal error: xstatus.h: No such file or directory
Makefile:25: recipe for target 'xscuwdt_selftest.o' failed
 #include "xstatus.h"
          ^~~~~~~~~~~
compilation terminated.
make[1]: *** [xscuwdt_selftest.o] Error 1
In file included from xscuwdt_sinit.c:55:0:
xscuwdt.h:138:10: fatal error: xstatus.h: No such file or directory
 #include "xstatus.h"
          ^~~~~~~~~~~
compilation terminated.
Makefile:25: recipe for target 'xscuwdt_sinit.o' failed
make[1]: *** [xscuwdt_sinit.o] Error 1
In file included from xscuwdt.c:55:0:
xscuwdt.h:138:10: fatal error: xstatus.h: No such file or directory
 #include "xstatus.h"
          ^~~~~~~~~~~
compilation terminated.
Makefile:25: recipe for target 'xscuwdt.o' failed
make[1]: *** [xscuwdt.o] Error 1
In file included from xscuwdt_g.c:40:0:
../../../include/xparameters.h:19:10: fatal error: xparameters_ps.h: No such file or directory
 #include "xparameters_ps.h"
          ^~~~~~~~~~~~~~~~~~
compilation terminated.
make[1]: *** [xscuwdt_g.o] Error 1
Makefile:25: recipe for target 'xscuwdt_g.o' failed
Makefile:29: recipe for target 'ps7_cortexa9_0/libsrc/scuwdt_v2_1/src/make.libs' failed
Running Make libs in ps7_cortexa9_0/libsrc/sdps_v3_5/src
make[1]: Target 'libs' not remade because of errors.
make: *** [ps7_cortexa9_0/libsrc/scuwdt_v2_1/src/make.libs] Error 2
make -C ps7_cortexa9_0/libsrc/sdps_v3_5/src -s libs  "SHELL=/bin/sh" "COMPILER=arm-none-eabi-gcc" "ARCHIVER=arm-none-eabi-ar" "COMPILER_FLAGS=  -O2 -c" "EXTRA_COMPILER_FLAGS=-mcpu=cortex-a9 -mfpu=vfpv3 -mfloat-abi=hard -nostartfiles -g -Wall -Wextra"
Compiling sdps
xsdps_sinit.c:55:10: fatal error: xstatus.h: No such file or directory
Makefile:25: recipe for target 'xsdps_sinit.o' failed
 #include "xstatus.h"
          ^~~~~~~~~~~
compilation terminated.
make[1]: *** [xsdps_sinit.o] Error 1
In file included from xsdps.c:99:0:
Makefile:25: recipe for target 'xsdps.o' failed
xsdps.h:165:10: fatal error: xil_printf.h: No such file or directory
 #include "xil_printf.h"
          ^~~~~~~~~~~~~~
compilation terminated.
make[1]: *** [xsdps.o] Error 1
In file included from xsdps_g.c:40:0:
../../../include/xparameters.h:19:10: fatal error: xparameters_ps.h: No such file or directory
Makefile:25: recipe for target 'xsdps_g.o' failed
 #include "xparameters_ps.h"
          ^~~~~~~~~~~~~~~~~~
compilation terminated.
make[1]: *** [xsdps_g.o] Error 1
In file included from xsdps_options.c:84:0:
xsdps.h:165:10: fatal error: xil_printf.h: No such file or directory
Makefile:25: recipe for target 'xsdps_options.o' failed
 #include "xil_printf.h"
          ^~~~~~~~~~~~~~
compilation terminated.
Makefile:29: recipe for target 'ps7_cortexa9_0/libsrc/sdps_v3_5/src/make.libs' failed
Running Make libs in ps7_cortexa9_0/libsrc/cpu_cortexa9_v2_6/src
make -C ps7_cortexa9_0/libsrc/cpu_cortexa9_v2_6/src -s libs  "SHELL=/bin/sh" "COMPILER=arm-none-eabi-gcc" "ARCHIVER=arm-none-eabi-ar" "COMPILER_FLAGS=  -O2 -c" "EXTRA_COMPILER_FLAGS=-mcpu=cortex-a9 -mfpu=vfpv3 -mfloat-abi=hard -nostartfiles -g -Wall -Wextra"
make[1]: *** [xsdps_options.o] Error 1
make[1]: Target 'libs' not remade because of errors.
Compiling cpu_cortexa9
make: *** [ps7_cortexa9_0/libsrc/sdps_v3_5/src/make.libs] Error 2
Running Make libs in ps7_cortexa9_0/libsrc/coresightps_dcc_v1_4/src
make -C ps7_cortexa9_0/libsrc/coresightps_dcc_v1_4/src -s libs  "SHELL=/bin/sh" "COMPILER=arm-none-eabi-gcc" "ARCHIVER=arm-none-eabi-ar" "COMPILER_FLAGS=  -O2 -c" "EXTRA_COMPILER_FLAGS=-mcpu=cortex-a9 -mfpu=vfpv3 -mfloat-abi=hard -nostartfiles -g -Wall -Wextra"
Compiling coresightps_dcc
xcoresightpsdcc.c:67:10: fatal error: xil_types.h: No such file or directory
Makefile:25: recipe for target 'xcoresightpsdcc.o' failed
 #include <xil_types.h>
          ^~~~~~~~~~~~~
compilation terminated.
Makefile:29: recipe for target 'ps7_cortexa9_0/libsrc/coresightps_dcc_v1_4/src/make.libs' failed
make[1]: *** [xcoresightpsdcc.o] Error 1
Running Make libs in ps7_cortexa9_0/libsrc/scutimer_v2_1/src
make[1]: Target 'libs' not remade because of errors.
make -C ps7_cortexa9_0/libsrc/scutimer_v2_1/src -s libs  "SHELL=/bin/sh" "COMPILER=arm-none-eabi-gcc" "ARCHIVER=arm-none-eabi-ar" "COMPILER_FLAGS=  -O2 -c" "EXTRA_COMPILER_FLAGS=-mcpu=cortex-a9 -mfpu=vfpv3 -mfloat-abi=hard -nostartfiles -g -Wall -Wextra"
make: *** [ps7_cortexa9_0/libsrc/coresightps_dcc_v1_4/src/make.libs] Error 2
Compiling scutimer
In file included from xscutimer_g.c:40:0:
../../../include/xparameters.h:19:10: fatal error: xparameters_ps.h: No such file or directory
Makefile:25: recipe for target 'xscutimer_g.o' failed
 #include "xparameters_ps.h"
          ^~~~~~~~~~~~~~~~~~
compilation terminated.
make[1]: *** [xscutimer_g.o] Error 1
In file included from xscutimer_sinit.c:55:0:
xscutimer.h:116:10: fatal error: xstatus.h: No such file or directory
Makefile:25: recipe for target 'xscutimer_sinit.o' failed
 #include "xstatus.h"
          ^~~~~~~~~~~
compilation terminated.
make[1]: *** [xscutimer_sinit.o] Error 1
In file included from xscutimer_selftest.c:54:0:
xscutimer.h:116:10: fatal error: xstatus.h: No such file or directory
Makefile:25: recipe for target 'xscutimer_selftest.o' failed
 #include "xstatus.h"
          ^~~~~~~~~~~
compilation terminated.
make[1]: *** [xscutimer_selftest.o] Error 1
In file included from xscutimer.c:55:0:
xscutimer.h:116:10: fatal error: xstatus.h: No such file or directory
Makefile:25: recipe for target 'xscutimer.o' failed
 #include "xstatus.h"
Makefile:29: recipe for target 'ps7_cortexa9_0/libsrc/scutimer_v2_1/src/make.libs' failed
          ^~~~~~~~~~~
compilation terminated.
make[1]: *** [xscutimer.o] Error 1
make[1]: Target 'libs' not remade because of errors.
make: *** [ps7_cortexa9_0/libsrc/scutimer_v2_1/src/make.libs] Error 2
make: Target 'all' not remade because of errors.
18:31:05 **** Clean-only build of configuration Debug for project hello ****
make clean 
rm -rf  ./src/helloworld.o ./src/platform.o  ./src/helloworld.d ./src/platform.d  hello.elf.size  hello.elf
 
18:31:05 **** Auto Build of configuration Debug for project hello ****
make pre-build main-build 
a9-linaro-pre-build-step
 
Building file: ../src/helloworld.c
Invoking: ARM v7 gcc compiler
arm-none-eabi-gcc -Wall -O0 -g3 -c -fmessage-length=0 -MT"src/helloworld.o" -mcpu=cortex-a9 -mfpu=vfpv3 -mfloat-abi=hard -I../../hello_bsp/ps7_cortexa9_0/include -MMD -MP -MF"src/helloworld.d" -MT"src/helloworld.o" -o "src/helloworld.o" "../src/helloworld.c"
../src/helloworld.c:50:10: fatal error: xil_printf.h: No such file or directory
 #include "xil_printf.h"
          ^~~~~~~~~~~~~~
src/subdir.mk:24: recipe for target 'src/helloworld.o' failed
compilation terminated.
make: *** [src/helloworld.o] Error 1
18:32:06 **** Build of project test_bsp ****
make -k all 
Running Make include in ps7_cortexa9_0/libsrc/dmaps_v2_3/src
make -C ps7_cortexa9_0/libsrc/dmaps_v2_3/src -s include  "SHELL=/bin/sh" "COMPILER=arm-none-eabi-gcc" "ARCHIVER=arm-none-eabi-ar" "COMPILER_FLAGS=  -O2 -c" "EXTRA_COMPILER_FLAGS=-mcpu=cortex-a9 -mfpu=vfpv3 -mfloat-abi=hard -nostartfiles -g -Wall -Wextra"
Running Make include in ps7_cortexa9_0/libsrc/ddrps_v1_0/src
make -C ps7_cortexa9_0/libsrc/ddrps_v1_0/src -s include  "SHELL=/bin/sh" "COMPILER=arm-none-eabi-gcc" "ARCHIVER=arm-none-eabi-ar" "COMPILER_FLAGS=  -O2 -c" "EXTRA_COMPILER_FLAGS=-mcpu=cortex-a9 -mfpu=vfpv3 -mfloat-abi=hard -nostartfiles -g -Wall -Wextra"
Running Make include in ps7_cortexa9_0/libsrc/standalone_v6_7/src
make -C ps7_cortexa9_0/libsrc/standalone_v6_7/src -s include  "SHELL=/bin/sh" "COMPILER=arm-none-eabi-gcc" "ARCHIVER=arm-none-eabi-ar" "COMPILER_FLAGS=  -O2 -c" "EXTRA_COMPILER_FLAGS=-mcpu=cortex-a9 -mfpu=vfpv3 -mfloat-abi=hard -nostartfiles -g -Wall -Wextra"
Running Make include in ps7_cortexa9_0/libsrc/gpiops_v3_3/src
make -C ps7_cortexa9_0/libsrc/gpiops_v3_3/src -s include  "SHELL=/bin/sh" "COMPILER=arm-none-eabi-gcc" "ARCHIVER=arm-none-eabi-ar" "COMPILER_FLAGS=  -O2 -c" "EXTRA_COMPILER_FLAGS=-mcpu=cortex-a9 -mfpu=vfpv3 -mfloat-abi=hard -nostartfiles -g -Wall -Wextra"
Running Make include in ps7_cortexa9_0/libsrc/scugic_v3_9/src
make -C ps7_cortexa9_0/libsrc/scugic_v3_9/src -s include  "SHELL=/bin/sh" "COMPILER=arm-none-eabi-gcc" "ARCHIVER=arm-none-eabi-ar" "COMPILER_FLAGS=  -O2 -c" "EXTRA_COMPILER_FLAGS=-mcpu=cortex-a9 -mfpu=vfpv3 -mfloat-abi=hard -nostartfiles -g -Wall -Wextra"
Running Make include in ps7_cortexa9_0/libsrc/uartps_v3_6/src
make -C ps7_cortexa9_0/libsrc/uartps_v3_6/src -s include  "SHELL=/bin/sh" "COMPILER=arm-none-eabi-gcc" "ARCHIVER=arm-none-eabi-ar" "COMPILER_FLAGS=  -O2 -c" "EXTRA_COMPILER_FLAGS=-mcpu=cortex-a9 -mfpu=vfpv3 -mfloat-abi=hard -nostartfiles -g -Wall -Wextra"
Running Make include in ps7_cortexa9_0/libsrc/User_DMA_v1_0/src
make -C ps7_cortexa9_0/libsrc/User_DMA_v1_0/src -s include  "SHELL=/bin/sh" "COMPILER=arm-none-eabi-gcc" "ARCHIVER=arm-none-eabi-ar" "COMPILER_FLAGS=  -O2 -c" "EXTRA_COMPILER_FLAGS=-mcpu=cortex-a9 -mfpu=vfpv3 -mfloat-abi=hard -nostartfiles -g -Wall -Wextra"
Running Make include in ps7_cortexa9_0/libsrc/xadcps_v2_2/src
make -C ps7_cortexa9_0/libsrc/xadcps_v2_2/src -s include  "SHELL=/bin/sh" "COMPILER=arm-none-eabi-gcc" "ARCHIVER=arm-none-eabi-ar" "COMPILER_FLAGS=  -O2 -c" "EXTRA_COMPILER_FLAGS=-mcpu=cortex-a9 -mfpu=vfpv3 -mfloat-abi=hard -nostartfiles -g -Wall -Wextra"
Running Make include in ps7_cortexa9_0/libsrc/devcfg_v3_5/src
make -C ps7_cortexa9_0/libsrc/devcfg_v3_5/src -s include  "SHELL=/bin/sh" "COMPILER=arm-none-eabi-gcc" "ARCHIVER=arm-none-eabi-ar" "COMPILER_FLAGS=  -O2 -c" "EXTRA_COMPILER_FLAGS=-mcpu=cortex-a9 -mfpu=vfpv3 -mfloat-abi=hard -nostartfiles -g -Wall -Wextra"
Running Make include in ps7_cortexa9_0/libsrc/scuwdt_v2_1/src
make -C ps7_cortexa9_0/libsrc/scuwdt_v2_1/src -s include  "SHELL=/bin/sh" "COMPILER=arm-none-eabi-gcc" "ARCHIVER=arm-none-eabi-ar" "COMPILER_FLAGS=  -O2 -c" "EXTRA_COMPILER_FLAGS=-mcpu=cortex-a9 -mfpu=vfpv3 -mfloat-abi=hard -nostartfiles -g -Wall -Wextra"
Running Make include in ps7_cortexa9_0/libsrc/sdps_v3_5/src
make -C ps7_cortexa9_0/libsrc/sdps_v3_5/src -s include  "SHELL=/bin/sh" "COMPILER=arm-none-eabi-gcc" "ARCHIVER=arm-none-eabi-ar" "COMPILER_FLAGS=  -O2 -c" "EXTRA_COMPILER_FLAGS=-mcpu=cortex-a9 -mfpu=vfpv3 -mfloat-abi=hard -nostartfiles -g -Wall -Wextra"
Running Make include in ps7_cortexa9_0/libsrc/cpu_cortexa9_v2_6/src
make -C ps7_cortexa9_0/libsrc/cpu_cortexa9_v2_6/src -s include  "SHELL=/bin/sh" "COMPILER=arm-none-eabi-gcc" "ARCHIVER=arm-none-eabi-ar" "COMPILER_FLAGS=  -O2 -c" "EXTRA_COMPILER_FLAGS=-mcpu=cortex-a9 -mfpu=vfpv3 -mfloat-abi=hard -nostartfiles -g -Wall -Wextra"
Running Make include in ps7_cortexa9_0/libsrc/coresightps_dcc_v1_4/src
make -C ps7_cortexa9_0/libsrc/coresightps_dcc_v1_4/src -s include  "SHELL=/bin/sh" "COMPILER=arm-none-eabi-gcc" "ARCHIVER=arm-none-eabi-ar" "COMPILER_FLAGS=  -O2 -c" "EXTRA_COMPILER_FLAGS=-mcpu=cortex-a9 -mfpu=vfpv3 -mfloat-abi=hard -nostartfiles -g -Wall -Wextra"
Running Make include in ps7_cortexa9_0/libsrc/scutimer_v2_1/src
make -C ps7_cortexa9_0/libsrc/scutimer_v2_1/src -s include  "SHELL=/bin/sh" "COMPILER=arm-none-eabi-gcc" "ARCHIVER=arm-none-eabi-ar" "COMPILER_FLAGS=  -O2 -c" "EXTRA_COMPILER_FLAGS=-mcpu=cortex-a9 -mfpu=vfpv3 -mfloat-abi=hard -nostartfiles -g -Wall -Wextra"
Running Make libs in ps7_cortexa9_0/libsrc/dmaps_v2_3/src
make -C ps7_cortexa9_0/libsrc/dmaps_v2_3/src -s libs  "SHELL=/bin/sh" "COMPILER=arm-none-eabi-gcc" "ARCHIVER=arm-none-eabi-ar" "COMPILER_FLAGS=  -O2 -c" "EXTRA_COMPILER_FLAGS=-mcpu=cortex-a9 -mfpu=vfpv3 -mfloat-abi=hard -nostartfiles -g -Wall -Wextra"
Compiling dmaps
arm-none-eabi-ar: æ­£åœ¨åˆ›å»º ../../../lib/libxil.a
Running Make libs in ps7_cortexa9_0/libsrc/ddrps_v1_0/src
make -C ps7_cortexa9_0/libsrc/ddrps_v1_0/src -s libs  "SHELL=/bin/sh" "COMPILER=arm-none-eabi-gcc" "ARCHIVER=arm-none-eabi-ar" "COMPILER_FLAGS=  -O2 -c" "EXTRA_COMPILER_FLAGS=-mcpu=cortex-a9 -mfpu=vfpv3 -mfloat-abi=hard -nostartfiles -g -Wall -Wextra"
Compiling ddrps
Running Make libs in ps7_cortexa9_0/libsrc/standalone_v6_7/src
make -C ps7_cortexa9_0/libsrc/standalone_v6_7/src -s libs  "SHELL=/bin/sh" "COMPILER=arm-none-eabi-gcc" "ARCHIVER=arm-none-eabi-ar" "COMPILER_FLAGS=  -O2 -c" "EXTRA_COMPILER_FLAGS=-mcpu=cortex-a9 -mfpu=vfpv3 -mfloat-abi=hard -nostartfiles -g -Wall -Wextra"
Compiling standalone
In file included from sleep.c:57:0:
xtime_l.h:89:9: note: #pragma message: For the sleep routines, Global timer is being used
 #pragma message ("For the sleep routines, Global timer is being used")
         ^~~~~~~
In file included from xtime_l.c:53:0:
xtime_l.h:89:9: note: #pragma message: For the sleep routines, Global timer is being used
 #pragma message ("For the sleep routines, Global timer is being used")
         ^~~~~~~
In file included from usleep.c:60:0:
xtime_l.h:89:9: note: #pragma message: For the sleep routines, Global timer is being used
 #pragma message ("For the sleep routines, Global timer is being used")
         ^~~~~~~
In file included from xil_sleeptimer.c:55:0:
xtime_l.h:89:9: note: #pragma message: For the sleep routines, Global timer is being used
 #pragma message ("For the sleep routines, Global timer is being used")
         ^~~~~~~
Running Make libs in ps7_cortexa9_0/libsrc/gpiops_v3_3/src
make -C ps7_cortexa9_0/libsrc/gpiops_v3_3/src -s libs  "SHELL=/bin/sh" "COMPILER=arm-none-eabi-gcc" "ARCHIVER=arm-none-eabi-ar" "COMPILER_FLAGS=  -O2 -c" "EXTRA_COMPILER_FLAGS=-mcpu=cortex-a9 -mfpu=vfpv3 -mfloat-abi=hard -nostartfiles -g -Wall -Wextra"
Compiling gpiops
Running Make libs in ps7_cortexa9_0/libsrc/scugic_v3_9/src
make -C ps7_cortexa9_0/libsrc/scugic_v3_9/src -s libs  "SHELL=/bin/sh" "COMPILER=arm-none-eabi-gcc" "ARCHIVER=arm-none-eabi-ar" "COMPILER_FLAGS=  -O2 -c" "EXTRA_COMPILER_FLAGS=-mcpu=cortex-a9 -mfpu=vfpv3 -mfloat-abi=hard -nostartfiles -g -Wall -Wextra"
Compiling scugic
Running Make libs in ps7_cortexa9_0/libsrc/uartps_v3_6/src
make -C ps7_cortexa9_0/libsrc/uartps_v3_6/src -s libs  "SHELL=/bin/sh" "COMPILER=arm-none-eabi-gcc" "ARCHIVER=arm-none-eabi-ar" "COMPILER_FLAGS=  -O2 -c" "EXTRA_COMPILER_FLAGS=-mcpu=cortex-a9 -mfpu=vfpv3 -mfloat-abi=hard -nostartfiles -g -Wall -Wextra"
Compiling uartps
Running Make libs in ps7_cortexa9_0/libsrc/User_DMA_v1_0/src
make -C ps7_cortexa9_0/libsrc/User_DMA_v1_0/src -s libs  "SHELL=/bin/sh" "COMPILER=arm-none-eabi-gcc" "ARCHIVER=arm-none-eabi-ar" "COMPILER_FLAGS=  -O2 -c" "EXTRA_COMPILER_FLAGS=-mcpu=cortex-a9 -mfpu=vfpv3 -mfloat-abi=hard -nostartfiles -g -Wall -Wextra"
Compiling User_DMA...
User_DMA_selftest.c: In function 'USER_DMA_Reg_SelfTest':
User_DMA_selftest.c:52:57: warning: comparison between signed and unsigned integer expressions [-Wsign-compare]
    if ( USER_DMA_mReadReg (baseaddr, read_loop_index*4) != (read_loop_index+1)*READ_WRITE_MUL_FACTOR){
                                                         ^~
User_DMA_selftest.c:36:6: warning: unused variable 'Index' [-Wunused-variable]
  int Index;
      ^~~~~
Running Make libs in ps7_cortexa9_0/libsrc/xadcps_v2_2/src
make -C ps7_cortexa9_0/libsrc/xadcps_v2_2/src -s libs  "SHELL=/bin/sh" "COMPILER=arm-none-eabi-gcc" "ARCHIVER=arm-none-eabi-ar" "COMPILER_FLAGS=  -O2 -c" "EXTRA_COMPILER_FLAGS=-mcpu=cortex-a9 -mfpu=vfpv3 -mfloat-abi=hard -nostartfiles -g -Wall -Wextra"
Compiling xadcps
Running Make libs in ps7_cortexa9_0/libsrc/devcfg_v3_5/src
make -C ps7_cortexa9_0/libsrc/devcfg_v3_5/src -s libs  "SHELL=/bin/sh" "COMPILER=arm-none-eabi-gcc" "ARCHIVER=arm-none-eabi-ar" "COMPILER_FLAGS=  -O2 -c" "EXTRA_COMPILER_FLAGS=-mcpu=cortex-a9 -mfpu=vfpv3 -mfloat-abi=hard -nostartfiles -g -Wall -Wextra"
Compiling devcfg
Running Make libs in ps7_cortexa9_0/libsrc/scuwdt_v2_1/src
make -C ps7_cortexa9_0/libsrc/scuwdt_v2_1/src -s libs  "SHELL=/bin/sh" "COMPILER=arm-none-eabi-gcc" "ARCHIVER=arm-none-eabi-ar" "COMPILER_FLAGS=  -O2 -c" "EXTRA_COMPILER_FLAGS=-mcpu=cortex-a9 -mfpu=vfpv3 -mfloat-abi=hard -nostartfiles -g -Wall -Wextra"
Compiling scuwdt
Running Make libs in ps7_cortexa9_0/libsrc/sdps_v3_5/src
make -C ps7_cortexa9_0/libsrc/sdps_v3_5/src -s libs  "SHELL=/bin/sh" "COMPILER=arm-none-eabi-gcc" "ARCHIVER=arm-none-eabi-ar" "COMPILER_FLAGS=  -O2 -c" "EXTRA_COMPILER_FLAGS=-mcpu=cortex-a9 -mfpu=vfpv3 -mfloat-abi=hard -nostartfiles -g -Wall -Wextra"
Compiling sdps
Running Make libs in ps7_cortexa9_0/libsrc/cpu_cortexa9_v2_6/src
make -C ps7_cortexa9_0/libsrc/cpu_cortexa9_v2_6/src -s libs  "SHELL=/bin/sh" "COMPILER=arm-none-eabi-gcc" "ARCHIVER=arm-none-eabi-ar" "COMPILER_FLAGS=  -O2 -c" "EXTRA_COMPILER_FLAGS=-mcpu=cortex-a9 -mfpu=vfpv3 -mfloat-abi=hard -nostartfiles -g -Wall -Wextra"
Compiling cpu_cortexa9
Running Make libs in ps7_cortexa9_0/libsrc/coresightps_dcc_v1_4/src
make -C ps7_cortexa9_0/libsrc/coresightps_dcc_v1_4/src -s libs  "SHELL=/bin/sh" "COMPILER=arm-none-eabi-gcc" "ARCHIVER=arm-none-eabi-ar" "COMPILER_FLAGS=  -O2 -c" "EXTRA_COMPILER_FLAGS=-mcpu=cortex-a9 -mfpu=vfpv3 -mfloat-abi=hard -nostartfiles -g -Wall -Wextra"
Compiling coresightps_dcc
Running Make libs in ps7_cortexa9_0/libsrc/scutimer_v2_1/src
make -C ps7_cortexa9_0/libsrc/scutimer_v2_1/src -s libs  "SHELL=/bin/sh" "COMPILER=arm-none-eabi-gcc" "ARCHIVER=arm-none-eabi-ar" "COMPILER_FLAGS=  -O2 -c" "EXTRA_COMPILER_FLAGS=-mcpu=cortex-a9 -mfpu=vfpv3 -mfloat-abi=hard -nostartfiles -g -Wall -Wextra"
Compiling scutimer
Finished building libraries
18:32:17 **** Build of configuration Debug for project test ****
make pre-build main-build 
a9-linaro-pre-build-step
 
Building file: ../src/helloworld.c
Invoking: ARM v7 gcc compiler
arm-none-eabi-gcc -Wall -O0 -g3 -c -fmessage-length=0 -MT"src/helloworld.o" -mcpu=cortex-a9 -mfpu=vfpv3 -mfloat-abi=hard -I../../test_bsp/ps7_cortexa9_0/include -MMD -MP -MF"src/helloworld.d" -MT"src/helloworld.o" -o "src/helloworld.o" "../src/helloworld.c"
Finished building: ../src/helloworld.c
 
Building file: ../src/platform.c
Invoking: ARM v7 gcc compiler
arm-none-eabi-gcc -Wall -O0 -g3 -c -fmessage-length=0 -MT"src/platform.o" -mcpu=cortex-a9 -mfpu=vfpv3 -mfloat-abi=hard -I../../test_bsp/ps7_cortexa9_0/include -MMD -MP -MF"src/platform.d" -MT"src/platform.o" -o "src/platform.o" "../src/platform.c"
Finished building: ../src/platform.c
 
Building target: test.elf
Invoking: ARM v7 gcc linker
arm-none-eabi-gcc -mcpu=cortex-a9 -mfpu=vfpv3 -mfloat-abi=hard -Wl,-build-id=none -specs=Xilinx.spec -Wl,-T -Wl,../src/lscript.ld -L../../test_bsp/ps7_cortexa9_0/lib -o "test.elf"  ./src/helloworld.o ./src/platform.o   -Wl,--start-group,-lxil,-lgcc,-lc,--end-group
Finished building target: test.elf
 
Invoking: ARM v7 Print Size
arm-none-eabi-size test.elf  |tee "test.elf.size"
   text	   data	    bss	    dec	    hex	filename
  19352	   1144	  22568	  43064	   a838	test.elf
Finished building: test.elf.size
 
18:32:19 **** Auto Build of configuration Debug for project test ****
make pre-build main-build 
a9-linaro-pre-build-step
 
make: Nothing to be done for 'main-build'.
[...]
arm-none-eabi-gcc -Wall -O0 -g3 -c -fmessage-length=0 -MT"src/helloworld.o" -mcpu=cortex-a9 -mfpu=vfpv3 -mfloat-abi=hard -I../../test_bsp/ps7_cortexa9_0/include -MMD -MP -MF"src/helloworld.d" -MT"src/helloworld.o" -o "src/helloworld.o" "../src/helloworld.c"
../src/helloworld.c: In function 'main':
../src/helloworld.c:197:9: warning: unused variable 'i' [-Wunused-variable]
     int i;
         ^
Finished building: ../src/helloworld.c
 
Building target: test.elf
Invoking: ARM v7 gcc linker
arm-none-eabi-gcc -mcpu=cortex-a9 -mfpu=vfpv3 -mfloat-abi=hard -Wl,-build-id=none -specs=Xilinx.spec -Wl,-T -Wl,../src/lscript.ld -L../../test_bsp/ps7_cortexa9_0/lib -o "test.elf"  ./src/helloworld.o ./src/platform.o   -Wl,--start-group,-lxil,-lgcc,-lc,--end-group -Wl,--start-group,-lxilffs,-lxil,-lgcc,-lc,--end-group
Finished building target: test.elf
 
Invoking: ARM v7 Print Size
arm-none-eabi-size test.elf  |tee "test.elf.size"
   text	   data	    bss	    dec	    hex	filename
  61608	   2228	  24576	  88412	  1595c	test.elf
Finished building: test.elf.size
 
00:03:36 **** Incremental Build of configuration Debug for project test ****
make pre-build main-build 
a9-linaro-pre-build-step
 
make: Nothing to be done for 'main-build'.
00:04:03 **** Incremental Build of configuration Debug for project test ****
make pre-build main-build 
a9-linaro-pre-build-step
 
make: Nothing to be done for 'main-build'.
00:19:20 **** Auto Build of configuration Debug for project test ****
make pre-build main-build 
a9-linaro-pre-build-step
 
Building file: ../src/helloworld.c
Invoking: ARM v7 gcc compiler
arm-none-eabi-gcc -Wall -O0 -g3 -c -fmessage-length=0 -MT"src/helloworld.o" -mcpu=cortex-a9 -mfpu=vfpv3 -mfloat-abi=hard -I../../test_bsp/ps7_cortexa9_0/include -MMD -MP -MF"src/helloworld.d" -MT"src/helloworld.o" -o "src/helloworld.o" "../src/helloworld.c"
../src/helloworld.c: In function 'main':
../src/helloworld.c:197:9: warning: unused variable 'i' [-Wunused-variable]
     int i;
         ^
Finished building: ../src/helloworld.c
 
Building target: test.elf
Invoking: ARM v7 gcc linker
arm-none-eabi-gcc -mcpu=cortex-a9 -mfpu=vfpv3 -mfloat-abi=hard -Wl,-build-id=none -specs=Xilinx.spec -Wl,-T -Wl,../src/lscript.ld -L../../test_bsp/ps7_cortexa9_0/lib -o "test.elf"  ./src/helloworld.o ./src/platform.o   -Wl,--start-group,-lxil,-lgcc,-lc,--end-group -Wl,--start-group,-lxilffs,-lxil,-lgcc,-lc,--end-group
Finished building target: test.elf
 
Invoking: ARM v7 Print Size
arm-none-eabi-size test.elf  |tee "test.elf.size"
   text	   data	    bss	    dec	    hex	filename
  61608	   2228	  24576	  88412	  1595c	test.elf
Finished building: test.elf.size
 
00:19:35 **** Incremental Build of configuration Debug for project test ****
make pre-build main-build 
a9-linaro-pre-build-step
 
make: Nothing to be done for 'main-build'.
00:19:52 **** Incremental Build of configuration Debug for project test ****
make pre-build main-build 
a9-linaro-pre-build-step
 
make: Nothing to be done for 'main-build'.
00:20:22 **** Incremental Build of configuration Debug for project test ****
make pre-build main-build 
a9-linaro-pre-build-step
 
make: Nothing to be done for 'main-build'.
00:20:36 **** Incremental Build of configuration Debug for project test ****
make pre-build main-build 
a9-linaro-pre-build-step
 
make: Nothing to be done for 'main-build'.
00:21:00 **** Incremental Build of configuration Debug for project test ****
make pre-build main-build 
a9-linaro-pre-build-step
 
make: Nothing to be done for 'main-build'.
00:23:30 **** Incremental Build of configuration Debug for project test ****
make pre-build main-build 
a9-linaro-pre-build-step
 
make: Nothing to be done for 'main-build'.
00:24:54 **** Incremental Build of configuration Debug for project test ****
make pre-build main-build 
a9-linaro-pre-build-step
 
make: Nothing to be done for 'main-build'.
00:25:07 **** Incremental Build of configuration Debug for project test ****
make pre-build main-build 
a9-linaro-pre-build-step
 
make: Nothing to be done for 'main-build'.
00:27:27 **** Auto Build of configuration Debug for project test ****
make pre-build main-build 
a9-linaro-pre-build-step
 
Building file: ../src/helloworld.c
Invoking: ARM v7 gcc compiler
arm-none-eabi-gcc -Wall -O0 -g3 -c -fmessage-length=0 -MT"src/helloworld.o" -mcpu=cortex-a9 -mfpu=vfpv3 -mfloat-abi=hard -I../../test_bsp/ps7_cortexa9_0/include -MMD -MP -MF"src/helloworld.d" -MT"src/helloworld.o" -o "src/helloworld.o" "../src/helloworld.c"
../src/helloworld.c: In function 'main':
../src/helloworld.c:197:9: warning: unused variable 'i' [-Wunused-variable]
     int i;
         ^
Finished building: ../src/helloworld.c
 
Building target: test.elf
Invoking: ARM v7 gcc linker
arm-none-eabi-gcc -mcpu=cortex-a9 -mfpu=vfpv3 -mfloat-abi=hard -Wl,-build-id=none -specs=Xilinx.spec -Wl,-T -Wl,../src/lscript.ld -L../../test_bsp/ps7_cortexa9_0/lib -o "test.elf"  ./src/helloworld.o ./src/platform.o   -Wl,--start-group,-lxil,-lgcc,-lc,--end-group -Wl,--start-group,-lxilffs,-lxil,-lgcc,-lc,--end-group
Finished building target: test.elf
 
Invoking: ARM v7 Print Size
arm-none-eabi-size test.elf  |tee "test.elf.size"
   text	   data	    bss	    dec	    hex	filename
  61608	   2228	  24576	  88412	  1595c	test.elf
Finished building: test.elf.size
 
00:28:00 **** Incremental Build of configuration Debug for project test ****
make pre-build main-build 
a9-linaro-pre-build-step
 
make: Nothing to be done for 'main-build'.
00:28:33 **** Incremental Build of configuration Debug for project test ****
make pre-build main-build 
a9-linaro-pre-build-step
 
make: Nothing to be done for 'main-build'.
00:28:48 **** Incremental Build of configuration Debug for project test ****
make pre-build main-build 
a9-linaro-pre-build-step
 
make: Nothing to be done for 'main-build'.
00:28:56 **** Incremental Build of configuration Debug for project test ****
make pre-build main-build 
a9-linaro-pre-build-step
 
make: Nothing to be done for 'main-build'.
22:06:32 **** Incremental Build of configuration Debug for project test ****
make pre-build main-build 
a9-linaro-pre-build-step
 
make: Nothing to be done for 'main-build'.
22:07:33 **** Auto Build of configuration Debug for project test ****
make pre-build main-build 
a9-linaro-pre-build-step
 
Building file: ../src/helloworld.c
Invoking: ARM v7 gcc compiler
arm-none-eabi-gcc -Wall -O0 -g3 -c -fmessage-length=0 -MT"src/helloworld.o" -mcpu=cortex-a9 -mfpu=vfpv3 -mfloat-abi=hard -I../../test_bsp/ps7_cortexa9_0/include -MMD -MP -MF"src/helloworld.d" -MT"src/helloworld.o" -o "src/helloworld.o" "../src/helloworld.c"
../src/helloworld.c: In function 'main':
../src/helloworld.c:197:9: warning: unused variable 'i' [-Wunused-variable]
     int i;
         ^
Finished building: ../src/helloworld.c
 
Building target: test.elf
Invoking: ARM v7 gcc linker
arm-none-eabi-gcc -mcpu=cortex-a9 -mfpu=vfpv3 -mfloat-abi=hard -Wl,-build-id=none -specs=Xilinx.spec -Wl,-T -Wl,../src/lscript.ld -L../../test_bsp/ps7_cortexa9_0/lib -o "test.elf"  ./src/helloworld.o ./src/platform.o   -Wl,--start-group,-lxil,-lgcc,-lc,--end-group -Wl,--start-group,-lxilffs,-lxil,-lgcc,-lc,--end-group
Finished building target: test.elf
 
Invoking: ARM v7 Print Size
arm-none-eabi-size test.elf  |tee "test.elf.size"
   text	   data	    bss	    dec	    hex	filename
  61608	   2228	  24576	  88412	  1595c	test.elf
Finished building: test.elf.size
 
22:09:28 **** Auto Build of configuration Debug for project test ****
make pre-build main-build 
a9-linaro-pre-build-step
 
Building file: ../src/helloworld.c
Invoking: ARM v7 gcc compiler
arm-none-eabi-gcc -Wall -O0 -g3 -c -fmessage-length=0 -MT"src/helloworld.o" -mcpu=cortex-a9 -mfpu=vfpv3 -mfloat-abi=hard -I../../test_bsp/ps7_cortexa9_0/include -MMD -MP -MF"src/helloworld.d" -MT"src/helloworld.o" -o "src/helloworld.o" "../src/helloworld.c"
../src/helloworld.c: In function 'main':
../src/helloworld.c:197:9: warning: unused variable 'i' [-Wunused-variable]
     int i;
         ^
Finished building: ../src/helloworld.c
 
Building target: test.elf
Invoking: ARM v7 gcc linker
arm-none-eabi-gcc -mcpu=cortex-a9 -mfpu=vfpv3 -mfloat-abi=hard -Wl,-build-id=none -specs=Xilinx.spec -Wl,-T -Wl,../src/lscript.ld -L../../test_bsp/ps7_cortexa9_0/lib -o "test.elf"  ./src/helloworld.o ./src/platform.o   -Wl,--start-group,-lxil,-lgcc,-lc,--end-group -Wl,--start-group,-lxilffs,-lxil,-lgcc,-lc,--end-group
Finished building target: test.elf
 
Invoking: ARM v7 Print Size
arm-none-eabi-size test.elf  |tee "test.elf.size"
   text	   data	    bss	    dec	    hex	filename
  61608	   2228	  24576	  88412	  1595c	test.elf
Finished building: test.elf.size
 
22:09:35 **** Auto Build of configuration Debug for project test ****
make pre-build main-build 
a9-linaro-pre-build-step
 
Building file: ../src/helloworld.c
Invoking: ARM v7 gcc compiler
arm-none-eabi-gcc -Wall -O0 -g3 -c -fmessage-length=0 -MT"src/helloworld.o" -mcpu=cortex-a9 -mfpu=vfpv3 -mfloat-abi=hard -I../../test_bsp/ps7_cortexa9_0/include -MMD -MP -MF"src/helloworld.d" -MT"src/helloworld.o" -o "src/helloworld.o" "../src/helloworld.c"
../src/helloworld.c: In function 'main':
../src/helloworld.c:197:9: warning: unused variable 'i' [-Wunused-variable]
     int i;
         ^
Finished building: ../src/helloworld.c
 
Building target: test.elf
Invoking: ARM v7 gcc linker
arm-none-eabi-gcc -mcpu=cortex-a9 -mfpu=vfpv3 -mfloat-abi=hard -Wl,-build-id=none -specs=Xilinx.spec -Wl,-T -Wl,../src/lscript.ld -L../../test_bsp/ps7_cortexa9_0/lib -o "test.elf"  ./src/helloworld.o ./src/platform.o   -Wl,--start-group,-lxil,-lgcc,-lc,--end-group -Wl,--start-group,-lxilffs,-lxil,-lgcc,-lc,--end-group
Finished building target: test.elf
 
Invoking: ARM v7 Print Size
arm-none-eabi-size test.elf  |tee "test.elf.size"
   text	   data	    bss	    dec	    hex	filename
  61608	   2228	  24576	  88412	  1595c	test.elf
Finished building: test.elf.size
 
22:13:03 **** Auto Build of configuration Debug for project test ****
make pre-build main-build 
a9-linaro-pre-build-step
 
Building file: ../src/helloworld.c
Invoking: ARM v7 gcc compiler
arm-none-eabi-gcc -Wall -O0 -g3 -c -fmessage-length=0 -MT"src/helloworld.o" -mcpu=cortex-a9 -mfpu=vfpv3 -mfloat-abi=hard -I../../test_bsp/ps7_cortexa9_0/include -MMD -MP -MF"src/helloworld.d" -MT"src/helloworld.o" -o "src/helloworld.o" "../src/helloworld.c"
../src/helloworld.c: In function 'main':
../src/helloworld.c:198:9: warning: unused variable 'i' [-Wunused-variable]
     int i;
         ^
Finished building: ../src/helloworld.c
 
Building target: test.elf
Invoking: ARM v7 gcc linker
arm-none-eabi-gcc -mcpu=cortex-a9 -mfpu=vfpv3 -mfloat-abi=hard -Wl,-build-id=none -specs=Xilinx.spec -Wl,-T -Wl,../src/lscript.ld -L../../test_bsp/ps7_cortexa9_0/lib -o "test.elf"  ./src/helloworld.o ./src/platform.o   -Wl,--start-group,-lxil,-lgcc,-lc,--end-group -Wl,--start-group,-lxilffs,-lxil,-lgcc,-lc,--end-group
Finished building target: test.elf
 
Invoking: ARM v7 Print Size
arm-none-eabi-size test.elf  |tee "test.elf.size"
   text	   data	    bss	    dec	    hex	filename
  61608	   2228	  24576	  88412	  1595c	test.elf
Finished building: test.elf.size
 
22:13:07 **** Incremental Build of configuration Debug for project test ****
make pre-build main-build 
a9-linaro-pre-build-step
 
make: Nothing to be done for 'main-build'.
22:13:31 **** Incremental Build of configuration Debug for project test ****
make pre-build main-build 
a9-linaro-pre-build-step
 
make: Nothing to be done for 'main-build'.
22:15:39 **** Incremental Build of configuration Debug for project test ****
make pre-build main-build 
a9-linaro-pre-build-step
 
make: Nothing to be done for 'main-build'.
22:17:38 **** Incremental Build of configuration Debug for project test ****
make pre-build main-build 
a9-linaro-pre-build-step
 
make: Nothing to be done for 'main-build'.
22:22:53 **** Incremental Build of configuration Debug for project test ****
make pre-build main-build 
a9-linaro-pre-build-step
 
make: Nothing to be done for 'main-build'.
22:24:14 **** Incremental Build of configuration Debug for project test ****
make pre-build main-build 
a9-linaro-pre-build-step
 
make: Nothing to be done for 'main-build'.
22:24:53 **** Incremental Build of configuration Debug for project test ****
make pre-build main-build 
a9-linaro-pre-build-step
 
make: Nothing to be done for 'main-build'.
22:27:02 **** Incremental Build of configuration Debug for project test ****
make pre-build main-build 
a9-linaro-pre-build-step
 
make: Nothing to be done for 'main-build'.
22:36:25 **** Incremental Build of configuration Debug for project test ****
make pre-build main-build 
a9-linaro-pre-build-step
 
make: Nothing to be done for 'main-build'.
22:36:51 **** Incremental Build of configuration Debug for project test ****
make pre-build main-build 
a9-linaro-pre-build-step
 
make: Nothing to be done for 'main-build'.
22:37:19 **** Incremental Build of configuration Debug for project test ****
make pre-build main-build 
a9-linaro-pre-build-step
 
make: Nothing to be done for 'main-build'.
22:37:50 **** Incremental Build of configuration Debug for project test ****
make pre-build main-build 
a9-linaro-pre-build-step
 
make: Nothing to be done for 'main-build'.
22:37:51 **** Incremental Build of configuration Debug for project test ****
make pre-build main-build 
a9-linaro-pre-build-step
 
make: Nothing to be done for 'main-build'.
22:38:25 **** Incremental Build of configuration Debug for project test ****
make pre-build main-build 
a9-linaro-pre-build-step
 
make: Nothing to be done for 'main-build'.
22:41:49 **** Incremental Build of configuration Debug for project test ****
make pre-build main-build 
a9-linaro-pre-build-step
 
make: Nothing to be done for 'main-build'.
22:42:10 **** Incremental Build of configuration Debug for project test ****
make pre-build main-build 
a9-linaro-pre-build-step
 
make: Nothing to be done for 'main-build'.
22:44:00 **** Auto Build of configuration Debug for project test ****
make pre-build main-build 
a9-linaro-pre-build-step
 
Building file: ../src/helloworld.c
Invoking: ARM v7 gcc compiler
arm-none-eabi-gcc -Wall -O0 -g3 -c -fmessage-length=0 -MT"src/helloworld.o" -mcpu=cortex-a9 -mfpu=vfpv3 -mfloat-abi=hard -I../../test_bsp/ps7_cortexa9_0/include -MMD -MP -MF"src/helloworld.d" -MT"src/helloworld.o" -o "src/helloworld.o" "../src/helloworld.c"
../src/helloworld.c: In function 'LoadBmp':
../src/helloworld.c:31:6: warning: unused variable 'w1' [-Wunused-variable]
  int w1=0;
      ^~
../src/helloworld.c:30:6: warning: unused variable 'h1' [-Wunused-variable]
  int h1=0;
      ^~
../src/helloworld.c: In function 'main':
../src/helloworld.c:198:9: warning: unused variable 'i' [-Wunused-variable]
     int i;
         ^
Finished building: ../src/helloworld.c
 
Building target: test.elf
Invoking: ARM v7 gcc linker
arm-none-eabi-gcc -mcpu=cortex-a9 -mfpu=vfpv3 -mfloat-abi=hard -Wl,-build-id=none -specs=Xilinx.spec -Wl,-T -Wl,../src/lscript.ld -L../../test_bsp/ps7_cortexa9_0/lib -o "test.elf"  ./src/helloworld.o ./src/platform.o   -Wl,--start-group,-lxil,-lgcc,-lc,--end-group -Wl,--start-group,-lxilffs,-lxil,-lgcc,-lc,--end-group
Finished building target: test.elf
 
Invoking: ARM v7 Print Size
arm-none-eabi-size test.elf  |tee "test.elf.size"
   text	   data	    bss	    dec	    hex	filename
  61608	   2228	  24576	  88412	  1595c	test.elf
Finished building: test.elf.size
 
22:44:08 **** Incremental Build of configuration Debug for project test ****
make pre-build main-build 
a9-linaro-pre-build-step
 
make: Nothing to be done for 'main-build'.
22:44:39 **** Incremental Build of configuration Debug for project test ****
make pre-build main-build 
a9-linaro-pre-build-step
 
make: Nothing to be done for 'main-build'.
22:45:01 **** Incremental Build of configuration Debug for project test ****
make pre-build main-build 
a9-linaro-pre-build-step
 
make: Nothing to be done for 'main-build'.
22:45:16 **** Incremental Build of configuration Debug for project test ****
make pre-build main-build 
a9-linaro-pre-build-step
 
make: Nothing to be done for 'main-build'.
22:45:28 **** Incremental Build of configuration Debug for project test ****
make pre-build main-build 
a9-linaro-pre-build-step
 
make: Nothing to be done for 'main-build'.
22:45:42 **** Incremental Build of configuration Debug for project test ****
make pre-build main-build 
a9-linaro-pre-build-step
 
make: Nothing to be done for 'main-build'.
22:46:08 **** Incremental Build of configuration Debug for project test ****
make pre-build main-build 
a9-linaro-pre-build-step
 
make: Nothing to be done for 'main-build'.
22:48:50 **** Auto Build of configuration Debug for project test ****
make pre-build main-build 
a9-linaro-pre-build-step
 
Building file: ../src/helloworld.c
Invoking: ARM v7 gcc compiler
arm-none-eabi-gcc -Wall -O0 -g3 -c -fmessage-length=0 -MT"src/helloworld.o" -mcpu=cortex-a9 -mfpu=vfpv3 -mfloat-abi=hard -I../../test_bsp/ps7_cortexa9_0/include -MMD -MP -MF"src/helloworld.d" -MT"src/helloworld.o" -o "src/helloworld.o" "../src/helloworld.c"
../src/helloworld.c: In function 'main':
../src/helloworld.c:198:9: warning: unused variable 'i' [-Wunused-variable]
     int i;
         ^
Finished building: ../src/helloworld.c
 
Building target: test.elf
Invoking: ARM v7 gcc linker
arm-none-eabi-gcc -mcpu=cortex-a9 -mfpu=vfpv3 -mfloat-abi=hard -Wl,-build-id=none -specs=Xilinx.spec -Wl,-T -Wl,../src/lscript.ld -L../../test_bsp/ps7_cortexa9_0/lib -o "test.elf"  ./src/helloworld.o ./src/platform.o   -Wl,--start-group,-lxil,-lgcc,-lc,--end-group -Wl,--start-group,-lxilffs,-lxil,-lgcc,-lc,--end-group
Finished building target: test.elf
 
Invoking: ARM v7 Print Size
arm-none-eabi-size test.elf  |tee "test.elf.size"
   text	   data	    bss	    dec	    hex	filename
  61608	   2228	  24576	  88412	  1595c	test.elf
Finished building: test.elf.size
 
22:50:31 **** Incremental Build of configuration Debug for project test ****
make pre-build main-build 
a9-linaro-pre-build-step
 
make: Nothing to be done for 'main-build'.
22:51:24 **** Incremental Build of configuration Debug for project test ****
make pre-build main-build 
a9-linaro-pre-build-step
 
make: Nothing to be done for 'main-build'.
23:00:46 **** Incremental Build of configuration Debug for project test ****
make pre-build main-build 
a9-linaro-pre-build-step
 
make: Nothing to be done for 'main-build'.
23:01:11 **** Incremental Build of configuration Debug for project test ****
make pre-build main-build 
a9-linaro-pre-build-step
 
make: Nothing to be done for 'main-build'.
23:01:19 **** Incremental Build of configuration Debug for project test ****
make pre-build main-build 
a9-linaro-pre-build-step
 
make: Nothing to be done for 'main-build'.
23:01:35 **** Incremental Build of configuration Debug for project test ****
make pre-build main-build 
a9-linaro-pre-build-step
 
make: Nothing to be done for 'main-build'.
23:01:41 **** Incremental Build of configuration Debug for project test ****
make pre-build main-build 
a9-linaro-pre-build-step
 
make: Nothing to be done for 'main-build'.
23:01:53 **** Incremental Build of configuration Debug for project test ****
make pre-build main-build 
a9-linaro-pre-build-step
 
make: Nothing to be done for 'main-build'.
23:02:00 **** Incremental Build of configuration Debug for project test ****
make pre-build main-build 
a9-linaro-pre-build-step
 
make: Nothing to be done for 'main-build'.
23:05:17 **** Incremental Build of configuration Debug for project test ****
make pre-build main-build 
a9-linaro-pre-build-step
 
make: Nothing to be done for 'main-build'.
23:05:25 **** Incremental Build of configuration Debug for project test ****
make pre-build main-build 
a9-linaro-pre-build-step
 
make: Nothing to be done for 'main-build'.
23:06:04 **** Incremental Build of configuration Debug for project test ****
make pre-build main-build 
a9-linaro-pre-build-step
 
make: Nothing to be done for 'main-build'.
